../Core/Src/main.c:92:5:main	8	static
../Core/Src/main.c:149:6:SystemClock_Config	120	static
../Core/Src/main.c:208:13:MX_ADC3_Init	40	static
../Core/Src/main.c:272:13:MX_I2C1_Init	8	static
../Core/Src/main.c:320:13:MX_I2C2_Init	8	static
../Core/Src/main.c:368:13:MX_I2C3_Init	8	static
../Core/Src/main.c:416:13:MX_I2C4_Init	8	static
../Core/Src/main.c:464:13:MX_SPI5_Init	8	static
../Core/Src/main.c:512:13:MX_TIM14_Init	40	static
../Core/Src/main.c:558:13:MX_UART4_Init	8	static
../Core/Src/main.c:606:13:MX_USB_OTG_HS_USB_Init	4	static
../Core/Src/main.c:623:13:MX_FMC_Init	40	static
../Core/Src/main.c:681:13:MX_GPIO_Init	64	static
../Core/Src/main.c:786:6:MPU_Config	24	static
../Core/Src/main.c:817:6:Error_Handler	4	static,ignoring_inline_asm
