../Core/Src/stm32h7xx_hal_msp.c:66:6:HAL_MspInit	16	static
../Core/Src/stm32h7xx_hal_msp.c:88:6:HAL_ADC_MspInit	248	static
../Core/Src/stm32h7xx_hal_msp.c:161:6:HAL_ADC_MspDeInit	16	static
../Core/Src/stm32h7xx_hal_msp.c:201:6:HAL_I2C_MspInit	264	static
../Core/Src/stm32h7xx_hal_msp.c:346:6:HAL_I2C_MspDeInit	16	static
../Core/Src/stm32h7xx_hal_msp.c:437:6:HAL_SPI_MspInit	240	static
../Core/Src/stm32h7xx_hal_msp.c:486:6:HAL_SPI_MspDeInit	16	static
../Core/Src/stm32h7xx_hal_msp.c:516:6:HAL_TIM_Base_MspInit	24	static
../Core/Src/stm32h7xx_hal_msp.c:533:6:HAL_TIM_MspPostInit	40	static
../Core/Src/stm32h7xx_hal_msp.c:565:6:HAL_TIM_Base_MspDeInit	16	static
../Core/Src/stm32h7xx_hal_msp.c:587:6:HAL_UART_MspInit	248	static
../Core/Src/stm32h7xx_hal_msp.c:643:6:HAL_UART_MspDeInit	16	static
../Core/Src/stm32h7xx_hal_msp.c:670:13:HAL_FMC_MspInit	232	static
../Core/Src/stm32h7xx_hal_msp.c:745:6:HAL_SRAM_MspInit	16	static
../Core/Src/stm32h7xx_hal_msp.c:757:13:HAL_FMC_MspDeInit	8	static
../Core/Src/stm32h7xx_hal_msp.c:805:6:HAL_SRAM_MspDeInit	16	static
