../Core/Src/main.c:88:5:main	1
../Core/Src/main.c:144:6:SystemClock_Config	4
../Core/Src/main.c:203:13:MX_ADC3_Init	3
../Core/Src/main.c:262:13:MX_I2C1_Init	4
../Core/Src/main.c:310:13:MX_I2C2_SMBUS_Init	3
../Core/Src/main.c:355:13:MX_I2C3_Init	4
../Core/Src/main.c:403:13:MX_I2C4_Init	4
../Core/Src/main.c:451:13:MX_SPI5_Init	2
../Core/Src/main.c:499:13:MX_TIM14_Init	4
../Core/Src/main.c:545:13:MX_UART4_Init	5
../Core/Src/main.c:589:13:MX_FMC_Init	2
../Core/Src/main.c:647:13:MX_GPIO_Init	1
../Core/Src/main.c:780:6:MPU_Config	1
../Core/Src/main.c:811:6:Error_Handler	1
