Archive member included to satisfy reference by file (symbol)

C:/ST/STM32CubeIDE_1.17.0/STM32CubeIDE/plugins/com.st.stm32cube.ide.mcu.externaltools.gnu-tools-for-stm32.13.3.rel1.win32_1.0.0.202411081344/tools/bin/../lib/gcc/arm-none-eabi/13.3.1/../../../../arm-none-eabi/lib/thumb/v7e-m+dp/hard\libc_nano.a(libc_a-exit.o)
                              C:/ST/STM32CubeIDE_1.17.0/STM32CubeIDE/plugins/com.st.stm32cube.ide.mcu.externaltools.gnu-tools-for-stm32.13.3.rel1.win32_1.0.0.202411081344/tools/bin/../lib/gcc/arm-none-eabi/13.3.1/../../../../arm-none-eabi/lib/thumb/v7e-m+dp/hard/crt0.o (exit)
C:/ST/STM32CubeIDE_1.17.0/STM32CubeIDE/plugins/com.st.stm32cube.ide.mcu.externaltools.gnu-tools-for-stm32.13.3.rel1.win32_1.0.0.202411081344/tools/bin/../lib/gcc/arm-none-eabi/13.3.1/../../../../arm-none-eabi/lib/thumb/v7e-m+dp/hard\libc_nano.a(libc_a-findfp.o)
                              C:/ST/STM32CubeIDE_1.17.0/STM32CubeIDE/plugins/com.st.stm32cube.ide.mcu.externaltools.gnu-tools-for-stm32.13.3.rel1.win32_1.0.0.202411081344/tools/bin/../lib/gcc/arm-none-eabi/13.3.1/../../../../arm-none-eabi/lib/thumb/v7e-m+dp/hard\libc_nano.a(libc_a-exit.o) (__stdio_exit_handler)
C:/ST/STM32CubeIDE_1.17.0/STM32CubeIDE/plugins/com.st.stm32cube.ide.mcu.externaltools.gnu-tools-for-stm32.13.3.rel1.win32_1.0.0.202411081344/tools/bin/../lib/gcc/arm-none-eabi/13.3.1/../../../../arm-none-eabi/lib/thumb/v7e-m+dp/hard\libc_nano.a(libc_a-fwalk.o)
                              C:/ST/STM32CubeIDE_1.17.0/STM32CubeIDE/plugins/com.st.stm32cube.ide.mcu.externaltools.gnu-tools-for-stm32.13.3.rel1.win32_1.0.0.202411081344/tools/bin/../lib/gcc/arm-none-eabi/13.3.1/../../../../arm-none-eabi/lib/thumb/v7e-m+dp/hard\libc_nano.a(libc_a-findfp.o) (_fwalk_sglue)
C:/ST/STM32CubeIDE_1.17.0/STM32CubeIDE/plugins/com.st.stm32cube.ide.mcu.externaltools.gnu-tools-for-stm32.13.3.rel1.win32_1.0.0.202411081344/tools/bin/../lib/gcc/arm-none-eabi/13.3.1/../../../../arm-none-eabi/lib/thumb/v7e-m+dp/hard\libc_nano.a(libc_a-stdio.o)
                              C:/ST/STM32CubeIDE_1.17.0/STM32CubeIDE/plugins/com.st.stm32cube.ide.mcu.externaltools.gnu-tools-for-stm32.13.3.rel1.win32_1.0.0.202411081344/tools/bin/../lib/gcc/arm-none-eabi/13.3.1/../../../../arm-none-eabi/lib/thumb/v7e-m+dp/hard\libc_nano.a(libc_a-findfp.o) (__sread)
C:/ST/STM32CubeIDE_1.17.0/STM32CubeIDE/plugins/com.st.stm32cube.ide.mcu.externaltools.gnu-tools-for-stm32.13.3.rel1.win32_1.0.0.202411081344/tools/bin/../lib/gcc/arm-none-eabi/13.3.1/../../../../arm-none-eabi/lib/thumb/v7e-m+dp/hard\libc_nano.a(libc_a-memset.o)
                              C:/ST/STM32CubeIDE_1.17.0/STM32CubeIDE/plugins/com.st.stm32cube.ide.mcu.externaltools.gnu-tools-for-stm32.13.3.rel1.win32_1.0.0.202411081344/tools/bin/../lib/gcc/arm-none-eabi/13.3.1/../../../../arm-none-eabi/lib/thumb/v7e-m+dp/hard/crt0.o (memset)
C:/ST/STM32CubeIDE_1.17.0/STM32CubeIDE/plugins/com.st.stm32cube.ide.mcu.externaltools.gnu-tools-for-stm32.13.3.rel1.win32_1.0.0.202411081344/tools/bin/../lib/gcc/arm-none-eabi/13.3.1/../../../../arm-none-eabi/lib/thumb/v7e-m+dp/hard\libc_nano.a(libc_a-closer.o)
                              C:/ST/STM32CubeIDE_1.17.0/STM32CubeIDE/plugins/com.st.stm32cube.ide.mcu.externaltools.gnu-tools-for-stm32.13.3.rel1.win32_1.0.0.202411081344/tools/bin/../lib/gcc/arm-none-eabi/13.3.1/../../../../arm-none-eabi/lib/thumb/v7e-m+dp/hard\libc_nano.a(libc_a-stdio.o) (_close_r)
C:/ST/STM32CubeIDE_1.17.0/STM32CubeIDE/plugins/com.st.stm32cube.ide.mcu.externaltools.gnu-tools-for-stm32.13.3.rel1.win32_1.0.0.202411081344/tools/bin/../lib/gcc/arm-none-eabi/13.3.1/../../../../arm-none-eabi/lib/thumb/v7e-m+dp/hard\libc_nano.a(libc_a-reent.o)
                              C:/ST/STM32CubeIDE_1.17.0/STM32CubeIDE/plugins/com.st.stm32cube.ide.mcu.externaltools.gnu-tools-for-stm32.13.3.rel1.win32_1.0.0.202411081344/tools/bin/../lib/gcc/arm-none-eabi/13.3.1/../../../../arm-none-eabi/lib/thumb/v7e-m+dp/hard\libc_nano.a(libc_a-closer.o) (errno)
C:/ST/STM32CubeIDE_1.17.0/STM32CubeIDE/plugins/com.st.stm32cube.ide.mcu.externaltools.gnu-tools-for-stm32.13.3.rel1.win32_1.0.0.202411081344/tools/bin/../lib/gcc/arm-none-eabi/13.3.1/../../../../arm-none-eabi/lib/thumb/v7e-m+dp/hard\libc_nano.a(libc_a-impure.o)
                              C:/ST/STM32CubeIDE_1.17.0/STM32CubeIDE/plugins/com.st.stm32cube.ide.mcu.externaltools.gnu-tools-for-stm32.13.3.rel1.win32_1.0.0.202411081344/tools/bin/../lib/gcc/arm-none-eabi/13.3.1/../../../../arm-none-eabi/lib/thumb/v7e-m+dp/hard\libc_nano.a(libc_a-reent.o) (_impure_ptr)
C:/ST/STM32CubeIDE_1.17.0/STM32CubeIDE/plugins/com.st.stm32cube.ide.mcu.externaltools.gnu-tools-for-stm32.13.3.rel1.win32_1.0.0.202411081344/tools/bin/../lib/gcc/arm-none-eabi/13.3.1/../../../../arm-none-eabi/lib/thumb/v7e-m+dp/hard\libc_nano.a(libc_a-lseekr.o)
[...]
Memory Configuration

Name             Origin             Length             Attributes
FLASH            0x08000000         0x00200000         xr
DTCMRAM          0x20000000         0x00020000         xrw
RAM_D1           0x24000000         0x00080000         xrw
RAM_D2           0x30000000         0x00048000         xrw
RAM_D3           0x38000000         0x00010000         xrw
ITCMRAM          0x00000000         0x00010000         xrw
*default*        0x00000000         0xffffffff

Linker script and memory map

LOAD C:/ST/STM32CubeIDE_1.17.0/STM32CubeIDE/plugins/com.st.stm32cube.ide.mcu.externaltools.gnu-tools-for-stm32.13.3.rel1.win32_1.0.0.202411081344/tools/bin/../lib/gcc/arm-none-eabi/13.3.1/thumb/v7e-m+dp/hard/crti.o
LOAD C:/ST/STM32CubeIDE_1.17.0/STM32CubeIDE/plugins/com.st.stm32cube.ide.mcu.externaltools.gnu-tools-for-stm32.13.3.rel1.win32_1.0.0.202411081344/tools/bin/../lib/gcc/arm-none-eabi/13.3.1/thumb/v7e-m+dp/hard/crtbegin.o
LOAD C:/ST/STM32CubeIDE_1.17.0/STM32CubeIDE/plugins/com.st.stm32cube.ide.mcu.externaltools.gnu-tools-for-stm32.13.3.rel1.win32_1.0.0.202411081344/tools/bin/../lib/gcc/arm-none-eabi/13.3.1/../../../../arm-none-eabi/lib/thumb/v7e-m+dp/hard/crt0.o
LOAD ./Core/Src/main.o
LOAD ./Core/Src/stm32h7xx_hal_msp.o
LOAD ./Core/Src/stm32h7xx_it.o
LOAD ./Core/Src/syscalls.o
LOAD ./Core/Src/sysmem.o
LOAD ./Core/Src/system_stm32h7xx.o
LOAD ./Core/Startup/startup_stm32h743iitx.o
LOAD ./Drivers/STM32H7xx_HAL_Driver/stm32h7xx_hal.o
LOAD ./Drivers/STM32H7xx_HAL_Driver/stm32h7xx_hal_adc.o
LOAD ./Drivers/STM32H7xx_HAL_Driver/stm32h7xx_hal_adc_ex.o
LOAD ./Drivers/STM32H7xx_HAL_Driver/stm32h7xx_hal_cortex.o
LOAD ./Drivers/STM32H7xx_HAL_Driver/stm32h7xx_hal_dma.o
LOAD ./Drivers/STM32H7xx_HAL_Driver/stm32h7xx_hal_dma_ex.o
LOAD ./Drivers/STM32H7xx_HAL_Driver/stm32h7xx_hal_exti.o
LOAD ./Drivers/STM32H7xx_HAL_Driver/stm32h7xx_hal_flash.o
LOAD ./Drivers/STM32H7xx_HAL_Driver/stm32h7xx_hal_flash_ex.o
LOAD ./Drivers/STM32H7xx_HAL_Driver/stm32h7xx_hal_gpio.o
LOAD ./Drivers/STM32H7xx_HAL_Driver/stm32h7xx_hal_hsem.o
LOAD ./Drivers/STM32H7xx_HAL_Driver/stm32h7xx_hal_i2c.o
LOAD ./Drivers/STM32H7xx_HAL_Driver/stm32h7xx_hal_i2c_ex.o
LOAD ./Drivers/STM32H7xx_HAL_Driver/stm32h7xx_hal_mdma.o
LOAD ./Drivers/STM32H7xx_HAL_Driver/stm32h7xx_hal_nand.o
LOAD ./Drivers/STM32H7xx_HAL_Driver/stm32h7xx_hal_nor.o
LOAD ./Drivers/STM32H7xx_HAL_Driver/stm32h7xx_hal_pwr.o
LOAD ./Drivers/STM32H7xx_HAL_Driver/stm32h7xx_hal_pwr_ex.o
LOAD ./Drivers/STM32H7xx_HAL_Driver/stm32h7xx_hal_rcc.o
LOAD ./Drivers/STM32H7xx_HAL_Driver/stm32h7xx_hal_rcc_ex.o
LOAD ./Drivers/STM32H7xx_HAL_Driver/stm32h7xx_hal_sdram.o
LOAD ./Drivers/STM32H7xx_HAL_Driver/stm32h7xx_hal_smbus.o
LOAD ./Drivers/STM32H7xx_HAL_Driver/stm32h7xx_hal_smbus_ex.o
LOAD ./Drivers/STM32H7xx_HAL_Driver/stm32h7xx_hal_spi.o
LOAD ./Drivers/STM32H7xx_HAL_Driver/stm32h7xx_hal_spi_ex.o
LOAD ./Drivers/STM32H7xx_HAL_Driver/stm32h7xx_hal_sram.o
LOAD ./Drivers/STM32H7xx_HAL_Driver/stm32h7xx_hal_tim.o
LOAD ./Drivers/STM32H7xx_HAL_Driver/stm32h7xx_hal_tim_ex.o
LOAD ./Drivers/STM32H7xx_HAL_Driver/stm32h7xx_hal_uart.o
LOAD ./Drivers/STM32H7xx_HAL_Driver/stm32h7xx_hal_uart_ex.o
LOAD ./Drivers/STM32H7xx_HAL_Driver/stm32h7xx_ll_fmc.o
START GROUP
LOAD C:/ST/STM32CubeIDE_1.17.0/STM32CubeIDE/plugins/com.st.stm32cube.ide.mcu.externaltools.gnu-tools-for-stm32.13.3.rel1.win32_1.0.0.202411081344/tools/bin/../lib/gcc/arm-none-eabi/13.3.1/../../../../arm-none-eabi/lib/thumb/v7e-m+dp/hard\libc_nano.a
LOAD C:/ST/STM32CubeIDE_1.17.0/STM32CubeIDE/plugins/com.st.stm32cube.ide.mcu.externaltools.gnu-tools-for-stm32.13.3.rel1.win32_1.0.0.202411081344/tools/bin/../lib/gcc/arm-none-eabi/13.3.1/../../../../arm-none-eabi/lib/thumb/v7e-m+dp/hard\libm.a
END GROUP
START GROUP
LOAD C:/ST/STM32CubeIDE_1.17.0/STM32CubeIDE/plugins/com.st.stm32cube.ide.mcu.externaltools.gnu-tools-for-stm32.13.3.rel1.win32_1.0.0.202411081344/tools/bin/../lib/gcc/arm-none-eabi/13.3.1/thumb/v7e-m+dp/hard\libgcc.a
LOAD C:/ST/STM32CubeIDE_1.17.0/STM32CubeIDE/plugins/com.st.stm32cube.ide.mcu.externaltools.gnu-tools-for-stm32.13.3.rel1.win32_1.0.0.202411081344/tools/bin/../lib/gcc/arm-none-eabi/13.3.1/../../../../arm-none-eabi/lib/thumb/v7e-m+dp/hard\libc_nano.a
END GROUP
START GROUP
LOAD C:/ST/STM32CubeIDE_1.17.0/STM32CubeIDE/plugins/com.st.stm32cube.ide.mcu.externaltools.gnu-tools-for-stm32.13.3.rel1.win32_1.0.0.202411081344/tools/bin/../lib/gcc/arm-none-eabi/13.3.1/thumb/v7e-m+dp/hard\libgcc.a
LOAD C:/ST/STM32CubeIDE_1.17.0/STM32CubeIDE/plugins/com.st.stm32cube.ide.mcu.externaltools.gnu-tools-for-stm32.13.3.rel1.win32_1.0.0.202411081344/tools/bin/../lib/gcc/arm-none-eabi/13.3.1/../../../../arm-none-eabi/lib/thumb/v7e-m+dp/hard\libc_nano.a
LOAD C:/ST/STM32CubeIDE_1.17.0/STM32CubeIDE/plugins/com.st.stm32cube.ide.mcu.externaltools.gnu-tools-for-stm32.13.3.rel1.win32_1.0.0.202411081344/tools/bin/../lib/gcc/arm-none-eabi/13.3.1/../../../../arm-none-eabi/lib/thumb/v7e-m+dp/hard\libnosys.a
END GROUP
START GROUP
LOAD C:/ST/STM32CubeIDE_1.17.0/STM32CubeIDE/plugins/com.st.stm32cube.ide.mcu.externaltools.gnu-tools-for-stm32.13.3.rel1.win32_1.0.0.202411081344/tools/bin/../lib/gcc/arm-none-eabi/13.3.1/thumb/v7e-m+dp/hard\libgcc.a
LOAD C:/ST/STM32CubeIDE_1.17.0/STM32CubeIDE/plugins/com.st.stm32cube.ide.mcu.externaltools.gnu-tools-for-stm32.13.3.rel1.win32_1.0.0.202411081344/tools/bin/../lib/gcc/arm-none-eabi/13.3.1/../../../../arm-none-eabi/lib/thumb/v7e-m+dp/hard\libc_nano.a
LOAD C:/ST/STM32CubeIDE_1.17.0/STM32CubeIDE/plugins/com.st.stm32cube.ide.mcu.externaltools.gnu-tools-for-stm32.13.3.rel1.win32_1.0.0.202411081344/tools/bin/../lib/gcc/arm-none-eabi/13.3.1/../../../../arm-none-eabi/lib/thumb/v7e-m+dp/hard\libnosys.a
END GROUP
LOAD C:/ST/STM32CubeIDE_1.17.0/STM32CubeIDE/plugins/com.st.stm32cube.ide.mcu.externaltools.gnu-tools-for-stm32.13.3.rel1.win32_1.0.0.202411081344/tools/bin/../lib/gcc/arm-none-eabi/13.3.1/thumb/v7e-m+dp/hard/crtend.o
LOAD C:/ST/STM32CubeIDE_1.17.0/STM32CubeIDE/plugins/com.st.stm32cube.ide.mcu.externaltools.gnu-tools-for-stm32.13.3.rel1.win32_1.0.0.202411081344/tools/bin/../lib/gcc/arm-none-eabi/13.3.1/thumb/v7e-m+dp/hard/crtn.o
                0x24080000                        _estack = (ORIGIN (RAM_D1) + LENGTH (RAM_D1))
                0x00000200                        _Min_Heap_Size = 0x200
                0x00000400                        _Min_Stack_Size = 0x400

.isr_vector     0x08000000      0x298
                0x08000000                        . = ALIGN (0x4)
 *(.isr_vector)
 .isr_vector    0x08000000      0x298 ./Core/Startup/startup_stm32h743iitx.o
                0x08000000                g_pfnVectors
                0x08000298                        . = ALIGN (0x4)

.text           0x08000298     0x8ff4
                0x08000298                        . = ALIGN (0x4)
 *(.text)
 .text          0x08000298       0x40 C:/ST/STM32CubeIDE_1.17.0/STM32CubeIDE/plugins/com.st.stm32cube.ide.mcu.externaltools.gnu-tools-for-stm32.13.3.rel1.win32_1.0.0.202411081344/tools/bin/../lib/gcc/arm-none-eabi/13.3.1/thumb/v7e-m+dp/hard/crtbegin.o
 .text          0x080002d8       0x30 C:/ST/STM32CubeIDE_1.17.0/STM32CubeIDE/plugins/com.st.stm32cube.ide.mcu.externaltools.gnu-tools-for-stm32.13.3.rel1.win32_1.0.0.202411081344/tools/bin/../lib/gcc/arm-none-eabi/13.3.1/thumb/v7e-m+dp/hard\libgcc.a(_aeabi_uldivmod.o)
                0x080002d8                __aeabi_uldivmod
 .text          0x08000308      0x2f8 C:/ST/STM32CubeIDE_1.17.0/STM32CubeIDE/plugins/com.st.stm32cube.ide.mcu.externaltools.gnu-tools-for-stm32.13.3.rel1.win32_1.0.0.202411081344/tools/bin/../lib/gcc/arm-none-eabi/13.3.1/thumb/v7e-m+dp/hard\libgcc.a(_udivmoddi4.o)
                0x08000308                __udivmoddi4
 .text          0x08000600        0x4 C:/ST/STM32CubeIDE_1.17.0/STM32CubeIDE/plugins/com.st.stm32cube.ide.mcu.externaltools.gnu-tools-for-stm32.13.3.rel1.win32_1.0.0.202411081344/tools/bin/../lib/gcc/arm-none-eabi/13.3.1/thumb/v7e-m+dp/hard\libgcc.a(_dvmd_tls.o)
                0x08000600                __aeabi_idiv0
                0x08000600                __aeabi_ldiv0
 *(.text*)
 .text.main     0x08000604       0x3c ./Core/Src/main.o
                0x08000604                main
 .text.SystemClock_Config
                0x08000640       0xf8 ./Core/Src/main.o
                0x08000640                SystemClock_Config
 .text.MX_ADC3_Init
                0x08000738       0xcc ./Core/Src/main.o
 .text.MX_I2C1_Init
                0x08000804       0x80 ./Core/Src/main.o
 .text.MX_I2C2_SMBUS_Init
                0x08000884       0x88 ./Core/Src/main.o
 .text.MX_I2C3_Init
                0x0800090c       0x80 ./Core/Src/main.o
 .text.MX_I2C4_Init
                0x0800098c       0x80 ./Core/Src/main.o
 .text.MX_SPI5_Init
                0x08000a0c       0xac ./Core/Src/main.o
 .text.MX_TIM14_Init
                0x08000ab8       0x98 ./Core/Src/main.o
 .text.MX_UART4_Init
                0x08000b50       0x98 ./Core/Src/main.o
 .text.MX_FMC_Init
                0x08000be8       0xc8 ./Core/Src/main.o
 .text.MX_GPIO_Init
                0x08000cb0      0x2cc ./Core/Src/main.o
 .text.MPU_Config
                0x08000f7c       0x58 ./Core/Src/main.o
 .text.Error_Handler
                0x08000fd4        0xc ./Core/Src/main.o
                0x08000fd4                Error_Handler
 .text.HAL_MspInit
                0x08000fe0       0x60 ./Core/Src/stm32h7xx_hal_msp.o
                0x08000fe0                HAL_MspInit
 .text.HAL_ADC_MspInit
                0x08001040      0x168 ./Core/Src/stm32h7xx_hal_msp.o
                0x08001040                HAL_ADC_MspInit
 .text.HAL_I2C_MspInit
                0x080011a8      0x264 ./Core/Src/stm32h7xx_hal_msp.o
                0x080011a8                HAL_I2C_MspInit
 .text.HAL_SMBUS_MspInit
                0x0800140c       0xd0 ./Core/Src/stm32h7xx_hal_msp.o
                0x0800140c                HAL_SMBUS_MspInit
 .text.HAL_SPI_MspInit
                0x080014dc      0x11c ./Core/Src/stm32h7xx_hal_msp.o
                0x080014dc                HAL_SPI_MspInit
 .text.HAL_TIM_Base_MspInit
                0x080015f8       0x44 ./Core/Src/stm32h7xx_hal_msp.o
                0x080015f8                HAL_TIM_Base_MspInit
 .text.HAL_TIM_MspPostInit
                0x0800163c       0x74 ./Core/Src/stm32h7xx_hal_msp.o
                0x0800163c                HAL_TIM_MspPostInit
 .text.HAL_UART_MspInit
                0x080016b0      0x120 ./Core/Src/stm32h7xx_hal_msp.o
                0x080016b0                HAL_UART_MspInit
 .text.HAL_FMC_MspInit
                0x080017d0      0x114 ./Core/Src/stm32h7xx_hal_msp.o
 .text.HAL_SRAM_MspInit
                0x080018e4       0x14 ./Core/Src/stm32h7xx_hal_msp.o
                0x080018e4                HAL_SRAM_MspInit
 .text.NMI_Handler
                0x080018f8        0x8 ./Core/Src/stm32h7xx_it.o
                0x080018f8                NMI_Handler
 .text.HardFault_Handler
                0x08001900        0x8 ./Core/Src/stm32h7xx_it.o
                0x08001900                HardFault_Handler
 .text.MemManage_Handler
                0x08001908        0x8 ./Core/Src/stm32h7xx_it.o
                0x08001908                MemManage_Handler
 .text.BusFault_Handler
                0x08001910        0x8 ./Core/Src/stm32h7xx_it.o
                0x08001910                BusFault_Handler
 .text.UsageFault_Handler
                0x08001918        0x8 ./Core/Src/stm32h7xx_it.o
                0x08001918                UsageFault_Handler
 .text.SVC_Handler
                0x08001920        0xe ./Core/Src/stm32h7xx_it.o
                0x08001920                SVC_Handler
 .text.DebugMon_Handler
                0x0800192e        0xe ./Core/Src/stm32h7xx_it.o
                0x0800192e                DebugMon_Handler
 .text.PendSV_Handler
                0x0800193c        0xe ./Core/Src/stm32h7xx_it.o
                0x0800193c                PendSV_Handler
 .text.SysTick_Handler
                0x0800194a        0xc ./Core/Src/stm32h7xx_it.o
                0x0800194a                SysTick_Handler
 *fill*         0x08001956        0x2 
 .text.SystemInit
                0x08001958      0x140 ./Core/Src/system_stm32h7xx.o
                0x08001958                SystemInit
 .text.ExitRun0Mode
                0x08001a98       0x30 ./Core/Src/system_stm32h7xx.o
                0x08001a98                ExitRun0Mode
 .text.Reset_Handler
                0x08001ac8       0x54 ./Core/Startup/startup_stm32h743iitx.o
                0x08001ac8                Reset_Handler
 .text.Default_Handler
                0x08001b1c        0x2 ./Core/Startup/startup_stm32h743iitx.o
                0x08001b1c                RTC_Alarm_IRQHandler
                0x08001b1c                EXTI2_IRQHandler
                0x08001b1c                TIM8_CC_IRQHandler
                0x08001b1c                HRTIM1_Master_IRQHandler
                0x08001b1c                UART8_IRQHandler
                0x08001b1c                SPI4_IRQHandler
                0x08001b1c                TIM1_CC_IRQHandler
                0x08001b1c                BDMA_Channel6_IRQHandler
                0x08001b1c                DMA2_Stream5_IRQHandler
                0x08001b1c                HRTIM1_FLT_IRQHandler
                0x08001b1c                JPEG_IRQHandler
                0x08001b1c                DMA1_Stream5_IRQHandler
                0x08001b1c                BDMA_Channel1_IRQHandler
                0x08001b1c                HRTIM1_TIMD_IRQHandler
                0x08001b1c                TAMP_STAMP_IRQHandler
                0x08001b1c                EXTI3_IRQHandler
                0x08001b1c                LPTIM4_IRQHandler
                0x08001b1c                TIM8_TRG_COM_TIM14_IRQHandler
                0x08001b1c                LPTIM2_IRQHandler
                0x08001b1c                DFSDM1_FLT1_IRQHandler
                0x08001b1c                DMAMUX2_OVR_IRQHandler
                0x08001b1c                TIM8_UP_TIM13_IRQHandler
                0x08001b1c                I2C3_ER_IRQHandler
                0x08001b1c                DFSDM1_FLT2_IRQHandler
                0x08001b1c                MDMA_IRQHandler
                0x08001b1c                LPTIM3_IRQHandler
                0x08001b1c                HSEM1_IRQHandler
                0x08001b1c                EXTI0_IRQHandler
                0x08001b1c                I2C2_EV_IRQHandler
                0x08001b1c                DMA1_Stream2_IRQHandler
                0x08001b1c                FPU_IRQHandler
                0x08001b1c                OTG_HS_WKUP_IRQHandler
                0x08001b1c                FDCAN1_IT1_IRQHandler
                0x08001b1c                LTDC_ER_IRQHandler
                0x08001b1c                DMA2_Stream2_IRQHandler
                0x08001b1c                HRTIM1_TIME_IRQHandler
                0x08001b1c                SPI1_IRQHandler
                0x08001b1c                TIM6_DAC_IRQHandler
                0x08001b1c                DCMI_IRQHandler
                0x08001b1c                HRTIM1_TIMC_IRQHandler
                0x08001b1c                DMA2_Stream3_IRQHandler
                0x08001b1c                SAI2_IRQHandler
                0x08001b1c                DFSDM1_FLT3_IRQHandler
                0x08001b1c                USART6_IRQHandler
                0x08001b1c                TIM17_IRQHandler
                0x08001b1c                USART3_IRQHandler
                0x08001b1c                BDMA_Channel7_IRQHandler
                0x08001b1c                LPTIM5_IRQHandler
                0x08001b1c                UART5_IRQHandler
                0x08001b1c                ADC3_IRQHandler
                0x08001b1c                DMA2_Stream0_IRQHandler
                0x08001b1c                TIM4_IRQHandler
                0x08001b1c                BDMA_Channel2_IRQHandler
                0x08001b1c                QUADSPI_IRQHandler
                0x08001b1c                I2C1_EV_IRQHandler
                0x08001b1c                DMA1_Stream6_IRQHandler
                0x08001b1c                DMAMUX1_OVR_IRQHandler
                0x08001b1c                DMA1_Stream1_IRQHandler
                0x08001b1c                TIM16_IRQHandler
                0x08001b1c                UART4_IRQHandler
                0x08001b1c                BDMA_Channel5_IRQHandler
                0x08001b1c                TIM3_IRQHandler
                0x08001b1c                RCC_IRQHandler
                0x08001b1c                TIM8_BRK_TIM12_IRQHandler
                0x08001b1c                TIM1_TRG_COM_IRQHandler
                0x08001b1c                Default_Handler
                0x08001b1c                ECC_IRQHandler
                0x08001b1c                CEC_IRQHandler
                0x08001b1c                EXTI15_10_IRQHandler
                0x08001b1c                BDMA_Channel0_IRQHandler
                0x08001b1c                ADC_IRQHandler
                0x08001b1c                DMA1_Stream7_IRQHandler
                0x08001b1c                HRTIM1_TIMA_IRQHandler
                0x08001b1c                SPI5_IRQHandler
                0x08001b1c                TIM7_IRQHandler
                0x08001b1c                SDMMC1_IRQHandler
                0x08001b1c                TIM5_IRQHandler
                0x08001b1c                DMA2_Stream7_IRQHandler
                0x08001b1c                TIM15_IRQHandler
                0x08001b1c                PVD_AVD_IRQHandler
                0x08001b1c                I2C3_EV_IRQHandler
                0x08001b1c                EXTI9_5_IRQHandler
                0x08001b1c                RTC_WKUP_IRQHandler
                0x08001b1c                LTDC_IRQHandler
                0x08001b1c                SAI3_IRQHandler
                0x08001b1c                ETH_WKUP_IRQHandler
                0x08001b1c                SPDIF_RX_IRQHandler
                0x08001b1c                SPI2_IRQHandler
                0x08001b1c                OTG_HS_EP1_IN_IRQHandler
                0x08001b1c                DMA1_Stream0_IRQHandler
                0x08001b1c                CRS_IRQHandler
                0x08001b1c                EXTI4_IRQHandler
                0x08001b1c                RNG_IRQHandler
                0x08001b1c                HRTIM1_TIMB_IRQHandler
                0x08001b1c                FDCAN2_IT1_IRQHandler
                0x08001b1c                ETH_IRQHandler
                0x08001b1c                TIM1_UP_IRQHandler
                0x08001b1c                BDMA_Channel4_IRQHandler
                0x08001b1c                OTG_HS_EP1_OUT_IRQHandler
                0x08001b1c                WWDG_IRQHandler
                0x08001b1c                SPI6_IRQHandler
                0x08001b1c                MDIOS_IRQHandler
                0x08001b1c                I2C4_EV_IRQHandler
                0x08001b1c                FDCAN2_IT0_IRQHandler
                0x08001b1c                LPUART1_IRQHandler
                0x08001b1c                FDCAN1_IT0_IRQHandler
                0x08001b1c                TIM2_IRQHandler
                0x08001b1c                OTG_FS_WKUP_IRQHandler
                0x08001b1c                OTG_HS_IRQHandler
                0x08001b1c                DMA2D_IRQHandler
                0x08001b1c                TIM1_BRK_IRQHandler
                0x08001b1c                EXTI1_IRQHandler
                0x08001b1c                SDMMC2_IRQHandler
                0x08001b1c                OTG_FS_EP1_OUT_IRQHandler
                0x08001b1c                BDMA_Channel3_IRQHandler
                0x08001b1c                UART7_IRQHandler
                0x08001b1c                MDIOS_WKUP_IRQHandler
                0x08001b1c                USART2_IRQHandler
                0x08001b1c                DFSDM1_FLT0_IRQHandler
                0x08001b1c                SAI4_IRQHandler
                0x08001b1c                I2C2_ER_IRQHandler
                0x08001b1c                DMA2_Stream1_IRQHandler
                0x08001b1c                FLASH_IRQHandler
                0x08001b1c                DMA2_Stream4_IRQHandler
                0x08001b1c                USART1_IRQHandler
                0x08001b1c                OTG_FS_IRQHandler
                0x08001b1c                SPI3_IRQHandler
                0x08001b1c                WAKEUP_PIN_IRQHandler
                0x08001b1c                DMA1_Stream4_IRQHandler
                0x08001b1c                OTG_FS_EP1_IN_IRQHandler
                0x08001b1c                I2C1_ER_IRQHandler
                0x08001b1c                FMC_IRQHandler
                0x08001b1c                FDCAN_CAL_IRQHandler
                0x08001b1c                SWPMI1_IRQHandler
                0x08001b1c                COMP1_IRQHandler
                0x08001b1c                LPTIM1_IRQHandler
                0x08001b1c                I2C4_ER_IRQHandler
                0x08001b1c                DMA2_Stream6_IRQHandler
                0x08001b1c                SAI1_IRQHandler
                0x08001b1c                DMA1_Stream3_IRQHandler
 *fill*         0x08001b1e        0x2 
 .text.HAL_Init
                0x08001b20       0x78 ./Drivers/STM32H7xx_HAL_Driver/stm32h7xx_hal.o
                0x08001b20                HAL_Init
 .text.HAL_InitTick
                0x08001b98       0x6c ./Drivers/STM32H7xx_HAL_Driver/stm32h7xx_hal.o
                0x08001b98                HAL_InitTick
 .text.HAL_IncTick
                0x08001c04       0x28 ./Drivers/STM32H7xx_HAL_Driver/stm32h7xx_hal.o
                0x08001c04                HAL_IncTick
 .text.HAL_GetTick
                0x08001c2c       0x18 ./Drivers/STM32H7xx_HAL_Driver/stm32h7xx_hal.o
                0x08001c2c                HAL_GetTick
 .text.HAL_GetREVID
                0x08001c44       0x18 ./Drivers/STM32H7xx_HAL_Driver/stm32h7xx_hal.o
                0x08001c44                HAL_GetREVID
 .text.HAL_SYSCFG_VREFBUF_VoltageScalingConfig
                0x08001c5c       0x28 ./Drivers/STM32H7xx_HAL_Driver/stm32h7xx_hal.o
                0x08001c5c                HAL_SYSCFG_VREFBUF_VoltageScalingConfig
 .text.HAL_SYSCFG_VREFBUF_HighImpedanceConfig
                0x08001c84       0x28 ./Drivers/STM32H7xx_HAL_Driver/stm32h7xx_hal.o
                0x08001c84                HAL_SYSCFG_VREFBUF_HighImpedanceConfig
 .text.HAL_SYSCFG_EnableVREFBUF
                0x08001cac       0x48 ./Drivers/STM32H7xx_HAL_Driver/stm32h7xx_hal.o
                0x08001cac                HAL_SYSCFG_EnableVREFBUF
 .text.LL_ADC_SetCommonClock
                0x08001cf4       0x26 ./Drivers/STM32H7xx_HAL_Driver/stm32h7xx_hal_adc.o
 .text.LL_ADC_SetCommonPathInternalCh
                0x08001d1a       0x26 ./Drivers/STM32H7xx_HAL_Driver/stm32h7xx_hal_adc.o
 .text.LL_ADC_GetCommonPathInternalCh
                0x08001d40       0x1c ./Drivers/STM32H7xx_HAL_Driver/stm32h7xx_hal_adc.o
 .text.LL_ADC_SetChannelPreselection
                0x08001d5c       0x66 ./Drivers/STM32H7xx_HAL_Driver/stm32h7xx_hal_adc.o
 .text.LL_ADC_SetOffset
                0x08001dc2       0x40 ./Drivers/STM32H7xx_HAL_Driver/stm32h7xx_hal_adc.o
 .text.LL_ADC_SetDataRightShift
                0x08001e02       0x32 ./Drivers/STM32H7xx_HAL_Driver/stm32h7xx_hal_adc.o
 .text.LL_ADC_SetOffsetSignedSaturation
                0x08001e34       0x36 ./Drivers/STM32H7xx_HAL_Driver/stm32h7xx_hal_adc.o
 .text.LL_ADC_REG_SetSequencerRanks
                0x08001e6a       0x58 ./Drivers/STM32H7xx_HAL_Driver/stm32h7xx_hal_adc.o
 .text.LL_ADC_SetChannelSamplingTime
                0x08001ec2       0x56 ./Drivers/STM32H7xx_HAL_Driver/stm32h7xx_hal_adc.o
 .text.LL_ADC_SetChannelSingleDiff
                0x08001f18       0x48 ./Drivers/STM32H7xx_HAL_Driver/stm32h7xx_hal_adc.o
 .text.LL_ADC_DisableDeepPowerDown
                0x08001f60       0x24 ./Drivers/STM32H7xx_HAL_Driver/stm32h7xx_hal_adc.o
 .text.LL_ADC_IsDeepPowerDownEnabled
                0x08001f84       0x28 ./Drivers/STM32H7xx_HAL_Driver/stm32h7xx_hal_adc.o
 .text.LL_ADC_EnableInternalRegulator
                0x08001fac       0x28 ./Drivers/STM32H7xx_HAL_Driver/stm32h7xx_hal_adc.o
 .text.LL_ADC_IsInternalRegulatorEnabled
                0x08001fd4       0x28 ./Drivers/STM32H7xx_HAL_Driver/stm32h7xx_hal_adc.o
 .text.LL_ADC_IsEnabled
                0x08001ffc       0x26 ./Drivers/STM32H7xx_HAL_Driver/stm32h7xx_hal_adc.o
 .text.LL_ADC_REG_IsConversionOngoing
                0x08002022       0x26 ./Drivers/STM32H7xx_HAL_Driver/stm32h7xx_hal_adc.o
 .text.LL_ADC_INJ_IsConversionOngoing
                0x08002048       0x26 ./Drivers/STM32H7xx_HAL_Driver/stm32h7xx_hal_adc.o
 *fill*         0x0800206e        0x2 
 .text.HAL_ADC_Init
                0x08002070      0x344 ./Drivers/STM32H7xx_HAL_Driver/stm32h7xx_hal_adc.o
                0x08002070                HAL_ADC_Init
 .text.HAL_ADC_ConfigChannel
                0x080023b4      0x5e0 ./Drivers/STM32H7xx_HAL_Driver/stm32h7xx_hal_adc.o
                0x080023b4                HAL_ADC_ConfigChannel
 .text.ADC_ConfigureBoostMode
                0x08002994      0x218 ./Drivers/STM32H7xx_HAL_Driver/stm32h7xx_hal_adc.o
                0x08002994                ADC_ConfigureBoostMode
 .text.__NVIC_SetPriorityGrouping
                0x08002bac       0x48 ./Drivers/STM32H7xx_HAL_Driver/stm32h7xx_hal_cortex.o
 .text.__NVIC_GetPriorityGrouping
                0x08002bf4       0x1c ./Drivers/STM32H7xx_HAL_Driver/stm32h7xx_hal_cortex.o
 .text.__NVIC_SetPriority
                0x08002c10       0x54 ./Drivers/STM32H7xx_HAL_Driver/stm32h7xx_hal_cortex.o
 .text.NVIC_EncodePriority
                0x08002c64       0x66 ./Drivers/STM32H7xx_HAL_Driver/stm32h7xx_hal_cortex.o
 *fill*         0x08002cca        0x2 
 .text.SysTick_Config
                0x08002ccc       0x44 ./Drivers/STM32H7xx_HAL_Driver/stm32h7xx_hal_cortex.o
 .text.HAL_NVIC_SetPriorityGrouping
                0x08002d10       0x16 ./Drivers/STM32H7xx_HAL_Driver/stm32h7xx_hal_cortex.o
                0x08002d10                HAL_NVIC_SetPriorityGrouping
 .text.HAL_NVIC_SetPriority
                0x08002d26       0x34 ./Drivers/STM32H7xx_HAL_Driver/stm32h7xx_hal_cortex.o
                0x08002d26                HAL_NVIC_SetPriority
 .text.HAL_SYSTICK_Config
                0x08002d5a       0x18 ./Drivers/STM32H7xx_HAL_Driver/stm32h7xx_hal_cortex.o
                0x08002d5a                HAL_SYSTICK_Config
 *fill*         0x08002d72        0x2 
 .text.HAL_MPU_Disable
                0x08002d74       0x30 ./Drivers/STM32H7xx_HAL_Driver/stm32h7xx_hal_cortex.o
                0x08002d74                HAL_MPU_Disable
 .text.HAL_MPU_Enable
                0x08002da4       0x40 ./Drivers/STM32H7xx_HAL_Driver/stm32h7xx_hal_cortex.o
                0x08002da4                HAL_MPU_Enable
 .text.HAL_MPU_ConfigRegion
                0x08002de4       0x80 ./Drivers/STM32H7xx_HAL_Driver/stm32h7xx_hal_cortex.o
                0x08002de4                HAL_MPU_ConfigRegion
 .text.HAL_GPIO_Init
                0x08002e64      0x360 ./Drivers/STM32H7xx_HAL_Driver/stm32h7xx_hal_gpio.o
                0x08002e64                HAL_GPIO_Init
 .text.HAL_GPIO_WritePin
                0x080031c4       0x32 ./Drivers/STM32H7xx_HAL_Driver/stm32h7xx_hal_gpio.o
                0x080031c4                HAL_GPIO_WritePin
 *fill*         0x080031f6        0x2 
 .text.HAL_I2C_Init
                0x080031f8      0x138 ./Drivers/STM32H7xx_HAL_Driver/stm32h7xx_hal_i2c.o
                0x080031f8                HAL_I2C_Init
 .text.HAL_I2CEx_ConfigAnalogFilter
                0x08003330       0x96 ./Drivers/STM32H7xx_HAL_Driver/stm32h7xx_hal_i2c_ex.o
                0x08003330                HAL_I2CEx_ConfigAnalogFilter
 .text.HAL_I2CEx_ConfigDigitalFilter
                0x080033c6       0x98 ./Drivers/STM32H7xx_HAL_Driver/stm32h7xx_hal_i2c_ex.o
                0x080033c6                HAL_I2CEx_ConfigDigitalFilter
 *fill*         0x0800345e        0x2 
 .text.HAL_PWREx_ConfigSupply
                0x08003460       0x74 ./Drivers/STM32H7xx_HAL_Driver/stm32h7xx_hal_pwr_ex.o
                0x08003460                HAL_PWREx_ConfigSupply
 .text.HAL_RCC_OscConfig
                0x080034d4      0x8b4 ./Drivers/STM32H7xx_HAL_Driver/stm32h7xx_hal_rcc.o
                0x080034d4                HAL_RCC_OscConfig
 .text.HAL_RCC_ClockConfig
                0x08003d88      0x36c ./Drivers/STM32H7xx_HAL_Driver/stm32h7xx_hal_rcc.o
                0x08003d88                HAL_RCC_ClockConfig
 .text.HAL_RCC_GetSysClockFreq
                0x080040f4      0x2f4 ./Drivers/STM32H7xx_HAL_Driver/stm32h7xx_hal_rcc.o
                0x080040f4                HAL_RCC_GetSysClockFreq
 .text.HAL_RCC_GetHCLKFreq
                0x080043e8       0x60 ./Drivers/STM32H7xx_HAL_Driver/stm32h7xx_hal_rcc.o
                0x080043e8                HAL_RCC_GetHCLKFreq
 .text.HAL_RCC_GetPCLK1Freq
                0x08004448       0x2c ./Drivers/STM32H7xx_HAL_Driver/stm32h7xx_hal_rcc.o
                0x08004448                HAL_RCC_GetPCLK1Freq
 .text.HAL_RCC_GetPCLK2Freq
                0x08004474       0x2c ./Drivers/STM32H7xx_HAL_Driver/stm32h7xx_hal_rcc.o
                0x08004474                HAL_RCC_GetPCLK2Freq
 .text.HAL_RCCEx_PeriphCLKConfig
                0x080044a0     0x1414 ./Drivers/STM32H7xx_HAL_Driver/stm32h7xx_hal_rcc_ex.o
                0x080044a0                HAL_RCCEx_PeriphCLKConfig
 .text.HAL_RCCEx_GetPeriphCLKFreq
                0x080058b4      0xb00 ./Drivers/STM32H7xx_HAL_Driver/stm32h7xx_hal_rcc_ex.o
                0x080058b4                HAL_RCCEx_GetPeriphCLKFreq
 .text.HAL_RCCEx_GetD3PCLK1Freq
                0x080063b4       0x2c ./Drivers/STM32H7xx_HAL_Driver/stm32h7xx_hal_rcc_ex.o
                0x080063b4                HAL_RCCEx_GetD3PCLK1Freq
 .text.HAL_RCCEx_GetPLL2ClockFreq
                0x080063e0      0x2a8 ./Drivers/STM32H7xx_HAL_Driver/stm32h7xx_hal_rcc_ex.o
                0x080063e0                HAL_RCCEx_GetPLL2ClockFreq
 .text.HAL_RCCEx_GetPLL3ClockFreq
                0x08006688      0x2a8 ./Drivers/STM32H7xx_HAL_Driver/stm32h7xx_hal_rcc_ex.o
                0x08006688                HAL_RCCEx_GetPLL3ClockFreq
 .text.HAL_RCCEx_GetPLL1ClockFreq
                0x08006930      0x2a4 ./Drivers/STM32H7xx_HAL_Driver/stm32h7xx_hal_rcc_ex.o
                0x08006930                HAL_RCCEx_GetPLL1ClockFreq
 .text.RCCEx_PLL2_Config
                0x08006bd4      0x164 ./Drivers/STM32H7xx_HAL_Driver/stm32h7xx_hal_rcc_ex.o
 .text.RCCEx_PLL3_Config
                0x08006d38      0x164 ./Drivers/STM32H7xx_HAL_Driver/stm32h7xx_hal_rcc_ex.o
 .text.HAL_SMBUS_Init
                0x08006e9c      0x170 ./Drivers/STM32H7xx_HAL_Driver/stm32h7xx_hal_smbus.o
                0x08006e9c                HAL_SMBUS_Init
 .text.HAL_SMBUS_ConfigDigitalFilter
                0x0800700c       0x90 ./Drivers/STM32H7xx_HAL_Driver/stm32h7xx_hal_smbus.o
                0x0800700c                HAL_SMBUS_ConfigDigitalFilter
 .text.HAL_SPI_Init
                0x0800709c      0x248 ./Drivers/STM32H7xx_HAL_Driver/stm32h7xx_hal_spi.o
                0x0800709c                HAL_SPI_Init
 .text.SPI_GetPacketSize
                0x080072e4       0x36 ./Drivers/STM32H7xx_HAL_Driver/stm32h7xx_hal_spi.o
 *fill*         0x0800731a        0x2 
 .text.HAL_SRAM_Init
                0x0800731c       0xa0 ./Drivers/STM32H7xx_HAL_Driver/stm32h7xx_hal_sram.o
                0x0800731c                HAL_SRAM_Init
 .text.HAL_TIM_Base_Init
                0x080073bc       0xae ./Drivers/STM32H7xx_HAL_Driver/stm32h7xx_hal_tim.o
                0x080073bc                HAL_TIM_Base_Init
 .text.HAL_TIM_PWM_Init
                0x0800746a       0xae ./Drivers/STM32H7xx_HAL_Driver/stm32h7xx_hal_tim.o
                0x0800746a                HAL_TIM_PWM_Init
 .text.HAL_TIM_PWM_MspInit
                0x08007518       0x14 ./Drivers/STM32H7xx_HAL_Driver/stm32h7xx_hal_tim.o
                0x08007518                HAL_TIM_PWM_MspInit
 .text.HAL_TIM_PWM_ConfigChannel
                0x0800752c      0x228 ./Drivers/STM32H7xx_HAL_Driver/stm32h7xx_hal_tim.o
                0x0800752c                HAL_TIM_PWM_ConfigChannel
 .text.TIM_Base_SetConfig
                0x08007754      0x140 ./Drivers/STM32H7xx_HAL_Driver/stm32h7xx_hal_tim.o
                0x08007754                TIM_Base_SetConfig
 .text.TIM_OC1_SetConfig
                0x08007894      0x120 ./Drivers/STM32H7xx_HAL_Driver/stm32h7xx_hal_tim.o
 .text.TIM_OC2_SetConfig
                0x080079b4      0x114 ./Drivers/STM32H7xx_HAL_Driver/stm32h7xx_hal_tim.o
                0x080079b4                TIM_OC2_SetConfig
 .text.TIM_OC3_SetConfig
                0x08007ac8      0x110 ./Drivers/STM32H7xx_HAL_Driver/stm32h7xx_hal_tim.o
 .text.TIM_OC4_SetConfig
                0x08007bd8       0xd4 ./Drivers/STM32H7xx_HAL_Driver/stm32h7xx_hal_tim.o
 .text.TIM_OC5_SetConfig
                0x08007cac       0xc8 ./Drivers/STM32H7xx_HAL_Driver/stm32h7xx_hal_tim.o
 .text.TIM_OC6_SetConfig
                0x08007d74       0xcc ./Drivers/STM32H7xx_HAL_Driver/stm32h7xx_hal_tim.o
 .text.HAL_UART_Init
                0x08007e40       0xa0 ./Drivers/STM32H7xx_HAL_Driver/stm32h7xx_hal_uart.o
                0x08007e40                HAL_UART_Init
 .text.UART_SetConfig
                0x08007ee0      0xad0 ./Drivers/STM32H7xx_HAL_Driver/stm32h7xx_hal_uart.o
                0x08007ee0                UART_SetConfig
 .text.UART_AdvFeatureConfig
                0x080089b0      0x144 ./Drivers/STM32H7xx_HAL_Driver/stm32h7xx_hal_uart.o
                0x080089b0                UART_AdvFeatureConfig
 .text.UART_CheckIdleState
                0x08008af4      0x154 ./Drivers/STM32H7xx_HAL_Driver/stm32h7xx_hal_uart.o
                0x08008af4                UART_CheckIdleState
 .text.UART_WaitOnFlagUntilTimeout
                0x08008c48       0xda ./Drivers/STM32H7xx_HAL_Driver/stm32h7xx_hal_uart.o
                0x08008c48                UART_WaitOnFlagUntilTimeout
 *fill*         0x08008d22        0x2 
 .text.UART_EndRxTransfer
                0x08008d24       0xcc ./Drivers/STM32H7xx_HAL_Driver/stm32h7xx_hal_uart.o
 .text.HAL_UARTEx_DisableFifoMode
                0x08008df0       0x72 ./Drivers/STM32H7xx_HAL_Driver/stm32h7xx_hal_uart_ex.o
                0x08008df0                HAL_UARTEx_DisableFifoMode
 .text.HAL_UARTEx_SetTxFifoThreshold
                0x08008e62       0x7c ./Drivers/STM32H7xx_HAL_Driver/stm32h7xx_hal_uart_ex.o
                0x08008e62                HAL_UARTEx_SetTxFifoThreshold
 .text.HAL_UARTEx_SetRxFifoThreshold
                0x08008ede       0x7c ./Drivers/STM32H7xx_HAL_Driver/stm32h7xx_hal_uart_ex.o
                0x08008ede                HAL_UARTEx_SetRxFifoThreshold
 *fill*         0x08008f5a        0x2 
 .text.UARTEx_SetNbDataToProcess
                0x08008f5c       0x9c ./Drivers/STM32H7xx_HAL_Driver/stm32h7xx_hal_uart_ex.o
 .text.FMC_NORSRAM_Init
                0x08008ff8      0x120 ./Drivers/STM32H7xx_HAL_Driver/stm32h7xx_ll_fmc.o
                0x08008ff8                FMC_NORSRAM_Init
 .text.FMC_NORSRAM_Timing_Init
                0x08009118       0x92 ./Drivers/STM32H7xx_HAL_Driver/stm32h7xx_ll_fmc.o
                0x08009118                FMC_NORSRAM_Timing_Init
 *fill*         0x080091aa        0x2 
 .text.FMC_NORSRAM_Extended_Timing_Init
                0x080091ac       0x70 ./Drivers/STM32H7xx_HAL_Driver/stm32h7xx_ll_fmc.o
                0x080091ac                FMC_NORSRAM_Extended_Timing_Init
 .text.memset   0x0800921c       0x10 C:/ST/STM32CubeIDE_1.17.0/STM32CubeIDE/plugins/com.st.stm32cube.ide.mcu.externaltools.gnu-tools-for-stm32.13.3.rel1.win32_1.0.0.202411081344/tools/bin/../lib/gcc/arm-none-eabi/13.3.1/../../../../arm-none-eabi/lib/thumb/v7e-m+dp/hard\libc_nano.a(libc_a-memset.o)
                0x0800921c                memset
 .text.__libc_init_array
                0x0800922c       0x48 C:/ST/STM32CubeIDE_1.17.0/STM32CubeIDE/plugins/com.st.stm32cube.ide.mcu.externaltools.gnu-tools-for-stm32.13.3.rel1.win32_1.0.0.202411081344/tools/bin/../lib/gcc/arm-none-eabi/13.3.1/../../../../arm-none-eabi/lib/thumb/v7e-m+dp/hard\libc_nano.a(libc_a-init.o)
                0x0800922c                __libc_init_array
 *(.glue_7)
 .glue_7        0x08009274        0x0 linker stubs
 *(.glue_7t)
 .glue_7t       0x08009274        0x0 linker stubs
 *(.eh_frame)
 .eh_frame      0x08009274        0x0 C:/ST/STM32CubeIDE_1.17.0/STM32CubeIDE/plugins/com.st.stm32cube.ide.mcu.externaltools.gnu-tools-for-stm32.13.3.rel1.win32_1.0.0.202411081344/tools/bin/../lib/gcc/arm-none-eabi/13.3.1/thumb/v7e-m+dp/hard/crtbegin.o
 *(.init)
 .init          0x08009274        0x4 C:/ST/STM32CubeIDE_1.17.0/STM32CubeIDE/plugins/com.st.stm32cube.ide.mcu.externaltools.gnu-tools-for-stm32.13.3.rel1.win32_1.0.0.202411081344/tools/bin/../lib/gcc/arm-none-eabi/13.3.1/thumb/v7e-m+dp/hard/crti.o
                0x08009274                _init
 .init          0x08009278        0x8 C:/ST/STM32CubeIDE_1.17.0/STM32CubeIDE/plugins/com.st.stm32cube.ide.mcu.externaltools.gnu-tools-for-stm32.13.3.rel1.win32_1.0.0.202411081344/tools/bin/../lib/gcc/arm-none-eabi/13.3.1/thumb/v7e-m+dp/hard/crtn.o
 *(.fini)
 .fini          0x08009280        0x4 C:/ST/STM32CubeIDE_1.17.0/STM32CubeIDE/plugins/com.st.stm32cube.ide.mcu.externaltools.gnu-tools-for-stm32.13.3.rel1.win32_1.0.0.202411081344/tools/bin/../lib/gcc/arm-none-eabi/13.3.1/thumb/v7e-m+dp/hard/crti.o
                0x08009280                _fini
 .fini          0x08009284        0x8 C:/ST/STM32CubeIDE_1.17.0/STM32CubeIDE/plugins/com.st.stm32cube.ide.mcu.externaltools.gnu-tools-for-stm32.13.3.rel1.win32_1.0.0.202411081344/tools/bin/../lib/gcc/arm-none-eabi/13.3.1/thumb/v7e-m+dp/hard/crtn.o
                0x0800928c                        . = ALIGN (0x4)
                0x0800928c                        _etext = .

.vfp11_veneer   0x0800928c        0x0
 .vfp11_veneer  0x0800928c        0x0 linker stubs

.v4_bx          0x0800928c        0x0
 .v4_bx         0x0800928c        0x0 linker stubs

.iplt           0x0800928c        0x0
 .iplt          0x0800928c        0x0 C:/ST/STM32CubeIDE_1.17.0/STM32CubeIDE/plugins/com.st.stm32cube.ide.mcu.externaltools.gnu-tools-for-stm32.13.3.rel1.win32_1.0.0.202411081344/tools/bin/../lib/gcc/arm-none-eabi/13.3.1/thumb/v7e-m+dp/hard/crtbegin.o

.rodata         0x0800928c       0x38
                0x0800928c                        . = ALIGN (0x4)
 *(.rodata)
 *(.rodata*)
 .rodata.D1CorePrescTable
                0x0800928c       0x10 ./Core/Src/system_stm32h7xx.o
                0x0800928c                D1CorePrescTable
 .rodata.UARTPrescTable
                0x0800929c       0x18 ./Drivers/STM32H7xx_HAL_Driver/stm32h7xx_hal_uart.o
                0x0800929c                UARTPrescTable
 .rodata.numerator.1
                0x080092b4        0x8 ./Drivers/STM32H7xx_HAL_Driver/stm32h7xx_hal_uart_ex.o
 .rodata.denominator.0
                0x080092bc        0x8 ./Drivers/STM32H7xx_HAL_Driver/stm32h7xx_hal_uart_ex.o
                0x080092c4                        . = ALIGN (0x4)

.ARM.extab
 *(.ARM.extab* .gnu.linkonce.armextab.*)

.ARM            0x080092c4        0x8
                0x080092c4                        __exidx_start = .
 *(.ARM.exidx*)
 .ARM.exidx     0x080092c4        0x8 C:/ST/STM32CubeIDE_1.17.0/STM32CubeIDE/plugins/com.st.stm32cube.ide.mcu.externaltools.gnu-tools-for-stm32.13.3.rel1.win32_1.0.0.202411081344/tools/bin/../lib/gcc/arm-none-eabi/13.3.1/thumb/v7e-m+dp/hard\libgcc.a(_udivmoddi4.o)
                0x080092cc                        __exidx_end = .

.preinit_array  0x080092cc        0x0
                0x080092cc                        PROVIDE (__preinit_array_start = .)
 *(.preinit_array*)
                0x080092cc                        PROVIDE (__preinit_array_end = .)

.init_array     0x080092cc        0x4
                0x080092cc                        PROVIDE (__init_array_start = .)
 *(SORT_BY_NAME(.init_array.*))
 *(.init_array*)
 .init_array    0x080092cc        0x4 C:/ST/STM32CubeIDE_1.17.0/STM32CubeIDE/plugins/com.st.stm32cube.ide.mcu.externaltools.gnu-tools-for-stm32.13.3.rel1.win32_1.0.0.202411081344/tools/bin/../lib/gcc/arm-none-eabi/13.3.1/thumb/v7e-m+dp/hard/crtbegin.o
                0x080092d0                        PROVIDE (__init_array_end = .)

.fini_array     0x080092d0        0x4
                [!provide]                        PROVIDE (__fini_array_start = .)
 *(SORT_BY_NAME(.fini_array.*))
 *(.fini_array*)
 .fini_array    0x080092d0        0x4 C:/ST/STM32CubeIDE_1.17.0/STM32CubeIDE/plugins/com.st.stm32cube.ide.mcu.externaltools.gnu-tools-for-stm32.13.3.rel1.win32_1.0.0.202411081344/tools/bin/../lib/gcc/arm-none-eabi/13.3.1/thumb/v7e-m+dp/hard/crtbegin.o
                [!provide]                        PROVIDE (__fini_array_end = .)
                0x080092d4                        _sidata = LOADADDR (.data)

.rel.dyn        0x080092d4        0x0
 .rel.iplt      0x080092d4        0x0 C:/ST/STM32CubeIDE_1.17.0/STM32CubeIDE/plugins/com.st.stm32cube.ide.mcu.externaltools.gnu-tools-for-stm32.13.3.rel1.win32_1.0.0.202411081344/tools/bin/../lib/gcc/arm-none-eabi/13.3.1/thumb/v7e-m+dp/hard/crtbegin.o

.data           0x24000000       0x10 load address 0x080092d4
                0x24000000                        . = ALIGN (0x4)
                0x24000000                        _sdata = .
 *(.data)
 *(.data*)
 .data.SystemCoreClock
                0x24000000        0x4 ./Core/Src/system_stm32h7xx.o
                0x24000000                SystemCoreClock
 .data.SystemD2Clock
                0x24000004        0x4 ./Core/Src/system_stm32h7xx.o
                0x24000004                SystemD2Clock
 .data.uwTickPrio
                0x24000008        0x4 ./Drivers/STM32H7xx_HAL_Driver/stm32h7xx_hal.o
                0x24000008                uwTickPrio
 .data.uwTickFreq
                0x2400000c        0x1 ./Drivers/STM32H7xx_HAL_Driver/stm32h7xx_hal.o
                0x2400000c                uwTickFreq
 *(.RamFunc)
 *(.RamFunc*)
                0x24000010                        . = ALIGN (0x4)
 *fill*         0x2400000d        0x3 
                0x24000010                        _edata = .

.igot.plt       0x24000010        0x0 load address 0x080092e4
 .igot.plt      0x24000010        0x0 C:/ST/STM32CubeIDE_1.17.0/STM32CubeIDE/plugins/com.st.stm32cube.ide.mcu.externaltools.gnu-tools-for-stm32.13.3.rel1.win32_1.0.0.202411081344/tools/bin/../lib/gcc/arm-none-eabi/13.3.1/thumb/v7e-m+dp/hard/crtbegin.o
                0x24000010                        . = ALIGN (0x4)

.bss            0x24000010      0x388 load address 0x080092e4
                0x24000010                        _sbss = .
                0x24000010                        __bss_start__ = _sbss
 *(.bss)
 .bss           0x24000010       0x1c C:/ST/STM32CubeIDE_1.17.0/STM32CubeIDE/plugins/com.st.stm32cube.ide.mcu.externaltools.gnu-tools-for-stm32.13.3.rel1.win32_1.0.0.202411081344/tools/bin/../lib/gcc/arm-none-eabi/13.3.1/thumb/v7e-m+dp/hard/crtbegin.o
 *(.bss*)
 .bss.hadc3     0x2400002c       0x64 ./Core/Src/main.o
                0x2400002c                hadc3
 .bss.hi2c1     0x24000090       0x54 ./Core/Src/main.o
                0x24000090                hi2c1
 .bss.hsmbus2   0x240000e4       0x50 ./Core/Src/main.o
                0x240000e4                hsmbus2
 .bss.hi2c3     0x24000134       0x54 ./Core/Src/main.o
                0x24000134                hi2c3
 .bss.hi2c4     0x24000188       0x54 ./Core/Src/main.o
                0x24000188                hi2c4
 .bss.hspi5     0x240001dc       0x88 ./Core/Src/main.o
                0x240001dc                hspi5
 .bss.htim14    0x24000264       0x4c ./Core/Src/main.o
                0x24000264                htim14
 .bss.huart4    0x240002b0       0x94 ./Core/Src/main.o
                0x240002b0                huart4
 .bss.hsram1    0x24000344       0x4c ./Core/Src/main.o
                0x24000344                hsram1
 .bss.FMC_Initialized
                0x24000390        0x4 ./Core/Src/stm32h7xx_hal_msp.o
 .bss.uwTick    0x24000394        0x4 ./Drivers/STM32H7xx_HAL_Driver/stm32h7xx_hal.o
                0x24000394                uwTick
 *(COMMON)
                0x24000398                        . = ALIGN (0x4)
                0x24000398                        _ebss = .
                0x24000398                        __bss_end__ = _ebss

._user_heap_stack
                0x24000398      0x600 load address 0x080092e4
                0x24000398                        . = ALIGN (0x8)
                [!provide]                        PROVIDE (end = .)
                0x24000398                        PROVIDE (_end = .)
                0x24000598                        . = (. + _Min_Heap_Size)
 *fill*         0x24000398      0x200 
                0x24000998                        . = (. + _Min_Stack_Size)
 *fill*         0x24000598      0x400 
                0x24000998                        . = ALIGN (0x8)

/DISCARD/
 libc.a(*)
 libm.a(*)
 libgcc.a(*)

.ARM.attributes
                0x00000000       0x2e
 *(.ARM.attributes)
 .ARM.attributes
                0x00000000       0x20 C:/ST/STM32CubeIDE_1.17.0/STM32CubeIDE/plugins/com.st.stm32cube.ide.mcu.externaltools.gnu-tools-for-stm32.13.3.rel1.win32_1.0.0.202411081344/tools/bin/../lib/gcc/arm-none-eabi/13.3.1/thumb/v7e-m+dp/hard/crti.o
 .ARM.attributes
                0x00000020       0x32 C:/ST/STM32CubeIDE_1.17.0/STM32CubeIDE/plugins/com.st.stm32cube.ide.mcu.externaltools.gnu-tools-for-stm32.13.3.rel1.win32_1.0.0.202411081344/tools/bin/../lib/gcc/arm-none-eabi/13.3.1/thumb/v7e-m+dp/hard/crtbegin.o
 .ARM.attributes
                0x00000052       0x32 ./Core/Src/main.o
 .ARM.attributes
                0x00000084       0x32 ./Core/Src/stm32h7xx_hal_msp.o
 .ARM.attributes
                0x000000b6       0x32 ./Core/Src/stm32h7xx_it.o
 .ARM.attributes
                0x000000e8       0x32 ./Core/Src/system_stm32h7xx.o
 .ARM.attributes
                0x0000011a       0x21 ./Core/Startup/startup_stm32h743iitx.o
 .ARM.attributes
                0x0000013b       0x32 ./Drivers/STM32H7xx_HAL_Driver/stm32h7xx_hal.o
 .ARM.attributes
                0x0000016d       0x32 ./Drivers/STM32H7xx_HAL_Driver/stm32h7xx_hal_adc.o
 .ARM.attributes
                0x0000019f       0x32 ./Drivers/STM32H7xx_HAL_Driver/stm32h7xx_hal_cortex.o
 .ARM.attributes
                0x000001d1       0x32 ./Drivers/STM32H7xx_HAL_Driver/stm32h7xx_hal_gpio.o
 .ARM.attributes
                0x00000203       0x32 ./Drivers/STM32H7xx_HAL_Driver/stm32h7xx_hal_i2c.o
 .ARM.attributes
                0x00000235       0x32 ./Drivers/STM32H7xx_HAL_Driver/stm32h7xx_hal_i2c_ex.o
 .ARM.attributes
                0x00000267       0x32 ./Drivers/STM32H7xx_HAL_Driver/stm32h7xx_hal_pwr_ex.o
 .ARM.attributes
                0x00000299       0x32 ./Drivers/STM32H7xx_HAL_Driver/stm32h7xx_hal_rcc.o
 .ARM.attributes
                0x000002cb       0x32 ./Drivers/STM32H7xx_HAL_Driver/stm32h7xx_hal_rcc_ex.o
 .ARM.attributes
                0x000002fd       0x32 ./Drivers/STM32H7xx_HAL_Driver/stm32h7xx_hal_smbus.o
 .ARM.attributes
                0x0000032f       0x32 ./Drivers/STM32H7xx_HAL_Driver/stm32h7xx_hal_spi.o
 .ARM.attributes
                0x00000361       0x32 ./Drivers/STM32H7xx_HAL_Driver/stm32h7xx_hal_sram.o
 .ARM.attributes
                0x00000393       0x32 ./Drivers/STM32H7xx_HAL_Driver/stm32h7xx_hal_tim.o
 .ARM.attributes
                0x000003c5       0x32 ./Drivers/STM32H7xx_HAL_Driver/stm32h7xx_hal_uart.o
 .ARM.attributes
                0x000003f7       0x32 ./Drivers/STM32H7xx_HAL_Driver/stm32h7xx_hal_uart_ex.o
 .ARM.attributes
                0x00000429       0x32 ./Drivers/STM32H7xx_HAL_Driver/stm32h7xx_ll_fmc.o
 .ARM.attributes
                0x0000045b       0x32 C:/ST/STM32CubeIDE_1.17.0/STM32CubeIDE/plugins/com.st.stm32cube.ide.mcu.externaltools.gnu-tools-for-stm32.13.3.rel1.win32_1.0.0.202411081344/tools/bin/../lib/gcc/arm-none-eabi/13.3.1/../../../../arm-none-eabi/lib/thumb/v7e-m+dp/hard\libc_nano.a(libc_a-memset.o)
 .ARM.attributes
                0x0000048d       0x32 C:/ST/STM32CubeIDE_1.17.0/STM32CubeIDE/plugins/com.st.stm32cube.ide.mcu.externaltools.gnu-tools-for-stm32.13.3.rel1.win32_1.0.0.202411081344/tools/bin/../lib/gcc/arm-none-eabi/13.3.1/../../../../arm-none-eabi/lib/thumb/v7e-m+dp/hard\libc_nano.a(libc_a-init.o)
 .ARM.attributes
                0x000004bf       0x20 C:/ST/STM32CubeIDE_1.17.0/STM32CubeIDE/plugins/com.st.stm32cube.ide.mcu.externaltools.gnu-tools-for-stm32.13.3.rel1.win32_1.0.0.202411081344/tools/bin/../lib/gcc/arm-none-eabi/13.3.1/thumb/v7e-m+dp/hard\libgcc.a(_aeabi_uldivmod.o)
 .ARM.attributes
                0x000004df       0x32 C:/ST/STM32CubeIDE_1.17.0/STM32CubeIDE/plugins/com.st.stm32cube.ide.mcu.externaltools.gnu-tools-for-stm32.13.3.rel1.win32_1.0.0.202411081344/tools/bin/../lib/gcc/arm-none-eabi/13.3.1/thumb/v7e-m+dp/hard\libgcc.a(_udivmoddi4.o)
 .ARM.attributes
                0x00000511       0x20 C:/ST/STM32CubeIDE_1.17.0/STM32CubeIDE/plugins/com.st.stm32cube.ide.mcu.externaltools.gnu-tools-for-stm32.13.3.rel1.win32_1.0.0.202411081344/tools/bin/../lib/gcc/arm-none-eabi/13.3.1/thumb/v7e-m+dp/hard\libgcc.a(_dvmd_tls.o)
 .ARM.attributes
                0x00000531       0x20 C:/ST/STM32CubeIDE_1.17.0/STM32CubeIDE/plugins/com.st.stm32cube.ide.mcu.externaltools.gnu-tools-for-stm32.13.3.rel1.win32_1.0.0.202411081344/tools/bin/../lib/gcc/arm-none-eabi/13.3.1/thumb/v7e-m+dp/hard/crtn.o
OUTPUT(PNI490.elf elf32-littlearm)
LOAD linker stubs
LOAD C:/ST/STM32CubeIDE_1.17.0/STM32CubeIDE/plugins/com.st.stm32cube.ide.mcu.externaltools.gnu-tools-for-stm32.13.3.rel1.win32_1.0.0.202411081344/tools/bin/../lib/gcc/arm-none-eabi/13.3.1/../../../../arm-none-eabi/lib/thumb/v7e-m+dp/hard\libc.a
LOAD C:/ST/STM32CubeIDE_1.17.0/STM32CubeIDE/plugins/com.st.stm32cube.ide.mcu.externaltools.gnu-tools-for-stm32.13.3.rel1.win32_1.0.0.202411081344/tools/bin/../lib/gcc/arm-none-eabi/13.3.1/../../../../arm-none-eabi/lib/thumb/v7e-m+dp/hard\libm.a
LOAD C:/ST/STM32CubeIDE_1.17.0/STM32CubeIDE/plugins/com.st.stm32cube.ide.mcu.externaltools.gnu-tools-for-stm32.13.3.rel1.win32_1.0.0.202411081344/tools/bin/../lib/gcc/arm-none-eabi/13.3.1/thumb/v7e-m+dp/hard\libgcc.a

.debug_info     0x00000000    0x1da08
 .debug_info    0x00000000     0x2df5 ./Core/Src/main.o
 .debug_info    0x00002df5     0x2afc ./Core/Src/stm32h7xx_hal_msp.o
 .debug_info    0x000058f1      0x128 ./Core/Src/stm32h7xx_it.o
 .debug_info    0x00005a19      0xdb2 ./Core/Src/system_stm32h7xx.o
 .debug_info    0x000067cb       0x30 ./Core/Startup/startup_stm32h743iitx.o
 .debug_info    0x000067fb     0x153b ./Drivers/STM32H7xx_HAL_Driver/stm32h7xx_hal.o
 .debug_info    0x00007d36     0x1d84 ./Drivers/STM32H7xx_HAL_Driver/stm32h7xx_hal_adc.o
 .debug_info    0x00009aba     0x10b1 ./Drivers/STM32H7xx_HAL_Driver/stm32h7xx_hal_cortex.o
 .debug_info    0x0000ab6b      0xc5a ./Drivers/STM32H7xx_HAL_Driver/stm32h7xx_hal_gpio.o
 .debug_info    0x0000b7c5     0x22c9 ./Drivers/STM32H7xx_HAL_Driver/stm32h7xx_hal_i2c.o
 .debug_info    0x0000da8e      0xd84 ./Drivers/STM32H7xx_HAL_Driver/stm32h7xx_hal_i2c_ex.o
 .debug_info    0x0000e812     0x1012 ./Drivers/STM32H7xx_HAL_Driver/stm32h7xx_hal_pwr_ex.o
 .debug_info    0x0000f824      0xe6a ./Drivers/STM32H7xx_HAL_Driver/stm32h7xx_hal_rcc.o
 .debug_info    0x0001068e     0x1225 ./Drivers/STM32H7xx_HAL_Driver/stm32h7xx_hal_rcc_ex.o
 .debug_info    0x000118b3      0xbf5 ./Drivers/STM32H7xx_HAL_Driver/stm32h7xx_hal_smbus.o
 .debug_info    0x000124a8     0x144a ./Drivers/STM32H7xx_HAL_Driver/stm32h7xx_hal_spi.o
 .debug_info    0x000138f2      0xea9 ./Drivers/STM32H7xx_HAL_Driver/stm32h7xx_hal_sram.o
 .debug_info    0x0001479b     0x2bae ./Drivers/STM32H7xx_HAL_Driver/stm32h7xx_hal_tim.o
 .debug_info    0x00017349     0x4b1d ./Drivers/STM32H7xx_HAL_Driver/stm32h7xx_hal_uart.o
 .debug_info    0x0001be66      0xfbf ./Drivers/STM32H7xx_HAL_Driver/stm32h7xx_hal_uart_ex.o
 .debug_info    0x0001ce25      0xbe3 ./Drivers/STM32H7xx_HAL_Driver/stm32h7xx_ll_fmc.o

.debug_abbrev   0x00000000     0x2f7c
 .debug_abbrev  0x00000000      0x306 ./Core/Src/main.o
 .debug_abbrev  0x00000306      0x2c9 ./Core/Src/stm32h7xx_hal_msp.o
 .debug_abbrev  0x000005cf       0x73 ./Core/Src/stm32h7xx_it.o
 .debug_abbrev  0x00000642      0x165 ./Core/Src/system_stm32h7xx.o
 .debug_abbrev  0x000007a7       0x24 ./Core/Startup/startup_stm32h743iitx.o
 .debug_abbrev  0x000007cb      0x295 ./Drivers/STM32H7xx_HAL_Driver/stm32h7xx_hal.o
 .debug_abbrev  0x00000a60      0x2d1 ./Drivers/STM32H7xx_HAL_Driver/stm32h7xx_hal_adc.o
 .debug_abbrev  0x00000d31      0x339 ./Drivers/STM32H7xx_HAL_Driver/stm32h7xx_hal_cortex.o
 .debug_abbrev  0x0000106a      0x205 ./Drivers/STM32H7xx_HAL_Driver/stm32h7xx_hal_gpio.o
 .debug_abbrev  0x0000126f      0x25d ./Drivers/STM32H7xx_HAL_Driver/stm32h7xx_hal_i2c.o
 .debug_abbrev  0x000014cc      0x1f5 ./Drivers/STM32H7xx_HAL_Driver/stm32h7xx_hal_i2c_ex.o
 .debug_abbrev  0x000016c1      0x2a7 ./Drivers/STM32H7xx_HAL_Driver/stm32h7xx_hal_pwr_ex.o
 .debug_abbrev  0x00001968      0x2c8 ./Drivers/STM32H7xx_HAL_Driver/stm32h7xx_hal_rcc.o
 .debug_abbrev  0x00001c30      0x269 ./Drivers/STM32H7xx_HAL_Driver/stm32h7xx_hal_rcc_ex.o
 .debug_abbrev  0x00001e99      0x211 ./Drivers/STM32H7xx_HAL_Driver/stm32h7xx_hal_smbus.o
 .debug_abbrev  0x000020aa      0x2b1 ./Drivers/STM32H7xx_HAL_Driver/stm32h7xx_hal_spi.o
 .debug_abbrev  0x0000235b      0x1f0 ./Drivers/STM32H7xx_HAL_Driver/stm32h7xx_hal_sram.o
 .debug_abbrev  0x0000254b      0x276 ./Drivers/STM32H7xx_HAL_Driver/stm32h7xx_hal_tim.o
 .debug_abbrev  0x000027c1      0x33d ./Drivers/STM32H7xx_HAL_Driver/stm32h7xx_hal_uart.o
 .debug_abbrev  0x00002afe      0x2d2 ./Drivers/STM32H7xx_HAL_Driver/stm32h7xx_hal_uart_ex.o
 .debug_abbrev  0x00002dd0      0x1ac ./Drivers/STM32H7xx_HAL_Driver/stm32h7xx_ll_fmc.o

.debug_aranges  0x00000000     0x1828
 .debug_aranges
                0x00000000       0x88 ./Core/Src/main.o
 .debug_aranges
                0x00000088       0xa8 ./Core/Src/stm32h7xx_hal_msp.o
 .debug_aranges
                0x00000130       0x60 ./Core/Src/stm32h7xx_it.o
 .debug_aranges
                0x00000190       0x30 ./Core/Src/system_stm32h7xx.o
 .debug_aranges
                0x000001c0       0x28 ./Core/Startup/startup_stm32h743iitx.o
 .debug_aranges
                0x000001e8      0x198 ./Drivers/STM32H7xx_HAL_Driver/stm32h7xx_hal.o
 .debug_aranges
                0x00000380      0x230 ./Drivers/STM32H7xx_HAL_Driver/stm32h7xx_hal_adc.o
 .debug_aranges
                0x000005b0      0x130 ./Drivers/STM32H7xx_HAL_Driver/stm32h7xx_hal_cortex.o
 .debug_aranges
                0x000006e0       0x58 ./Drivers/STM32H7xx_HAL_Driver/stm32h7xx_hal_gpio.o
 .debug_aranges
                0x00000738      0x2a0 ./Drivers/STM32H7xx_HAL_Driver/stm32h7xx_hal_i2c.o
 .debug_aranges
                0x000009d8       0x48 ./Drivers/STM32H7xx_HAL_Driver/stm32h7xx_hal_i2c_ex.o
 .debug_aranges
                0x00000a20      0x158 ./Drivers/STM32H7xx_HAL_Driver/stm32h7xx_hal_pwr_ex.o
 .debug_aranges
                0x00000b78       0x88 ./Drivers/STM32H7xx_HAL_Driver/stm32h7xx_hal_rcc.o
 .debug_aranges
                0x00000c00       0xf8 ./Drivers/STM32H7xx_HAL_Driver/stm32h7xx_hal_rcc_ex.o
 .debug_aranges
                0x00000cf8      0x138 ./Drivers/STM32H7xx_HAL_Driver/stm32h7xx_hal_smbus.o
 .debug_aranges
                0x00000e30      0x1a8 ./Drivers/STM32H7xx_HAL_Driver/stm32h7xx_hal_spi.o
 .debug_aranges
                0x00000fd8       0xb8 ./Drivers/STM32H7xx_HAL_Driver/stm32h7xx_hal_sram.o
 .debug_aranges
                0x00001090      0x3e0 ./Drivers/STM32H7xx_HAL_Driver/stm32h7xx_hal_tim.o
 .debug_aranges
                0x00001470      0x248 ./Drivers/STM32H7xx_HAL_Driver/stm32h7xx_hal_uart.o
 .debug_aranges
                0x000016b8       0xa8 ./Drivers/STM32H7xx_HAL_Driver/stm32h7xx_hal_uart_ex.o
 .debug_aranges
                0x00001760       0xc8 ./Drivers/STM32H7xx_HAL_Driver/stm32h7xx_ll_fmc.o

.debug_rnglists
                0x00000000     0x12f2
 .debug_rnglists
                0x00000000       0x6c ./Core/Src/main.o
 .debug_rnglists
                0x0000006c       0x80 ./Core/Src/stm32h7xx_hal_msp.o
 .debug_rnglists
                0x000000ec       0x43 ./Core/Src/stm32h7xx_it.o
 .debug_rnglists
                0x0000012f       0x21 ./Core/Src/system_stm32h7xx.o
 .debug_rnglists
                0x00000150       0x19 ./Core/Startup/startup_stm32h743iitx.o
 .debug_rnglists
                0x00000169      0x131 ./Drivers/STM32H7xx_HAL_Driver/stm32h7xx_hal.o
 .debug_rnglists
                0x0000029a      0x1af ./Drivers/STM32H7xx_HAL_Driver/stm32h7xx_hal_adc.o
 .debug_rnglists
                0x00000449       0xe0 ./Drivers/STM32H7xx_HAL_Driver/stm32h7xx_hal_cortex.o
 .debug_rnglists
                0x00000529       0x3f ./Drivers/STM32H7xx_HAL_Driver/stm32h7xx_hal_gpio.o
 .debug_rnglists
                0x00000568      0x22a ./Drivers/STM32H7xx_HAL_Driver/stm32h7xx_hal_i2c.o
 .debug_rnglists
                0x00000792       0x35 ./Drivers/STM32H7xx_HAL_Driver/stm32h7xx_hal_i2c_ex.o
 .debug_rnglists
                0x000007c7      0x103 ./Drivers/STM32H7xx_HAL_Driver/stm32h7xx_hal_pwr_ex.o
 .debug_rnglists
                0x000008ca       0x68 ./Drivers/STM32H7xx_HAL_Driver/stm32h7xx_hal_rcc.o
 .debug_rnglists
                0x00000932       0xc0 ./Drivers/STM32H7xx_HAL_Driver/stm32h7xx_hal_rcc_ex.o
 .debug_rnglists
                0x000009f2       0xf4 ./Drivers/STM32H7xx_HAL_Driver/stm32h7xx_hal_smbus.o
 .debug_rnglists
                0x00000ae6      0x148 ./Drivers/STM32H7xx_HAL_Driver/stm32h7xx_hal_spi.o
 .debug_rnglists
                0x00000c2e       0x8e ./Drivers/STM32H7xx_HAL_Driver/stm32h7xx_hal_sram.o
 .debug_rnglists
                0x00000cbc      0x328 ./Drivers/STM32H7xx_HAL_Driver/stm32h7xx_hal_tim.o
 .debug_rnglists
                0x00000fe4      0x1fa ./Drivers/STM32H7xx_HAL_Driver/stm32h7xx_hal_uart.o
 .debug_rnglists
                0x000011de       0x7f ./Drivers/STM32H7xx_HAL_Driver/stm32h7xx_hal_uart_ex.o
 .debug_rnglists
                0x0000125d       0x95 ./Drivers/STM32H7xx_HAL_Driver/stm32h7xx_ll_fmc.o

.debug_macro    0x00000000    0x3b196
 .debug_macro   0x00000000      0x321 ./Core/Src/main.o
 .debug_macro   0x00000321      0xaf6 ./Core/Src/main.o
 .debug_macro   0x00000e17      0x250 ./Core/Src/main.o
 .debug_macro   0x00001067       0x2e ./Core/Src/main.o
 .debug_macro   0x00001095       0x3b ./Core/Src/main.o
 .debug_macro   0x000010d0       0x22 ./Core/Src/main.o
 .debug_macro   0x000010f2       0x8e ./Core/Src/main.o
 .debug_macro   0x00001180       0x51 ./Core/Src/main.o
 .debug_macro   0x000011d1      0x103 ./Core/Src/main.o
 .debug_macro   0x000012d4       0x6a ./Core/Src/main.o
 .debug_macro   0x0000133e      0x1df ./Core/Src/main.o
 .debug_macro   0x0000151d       0x1c ./Core/Src/main.o
 .debug_macro   0x00001539       0x22 ./Core/Src/main.o
 .debug_macro   0x0000155b       0xfb ./Core/Src/main.o
 .debug_macro   0x00001656     0x1305 ./Core/Src/main.o
 .debug_macro   0x0000295b      0x11f ./Core/Src/main.o
 .debug_macro   0x00002a7a       0x27 ./Core/Src/main.o
 .debug_macro   0x00002aa1    0x25b9b ./Core/Src/main.o
 .debug_macro   0x0002863c       0x6d ./Core/Src/main.o
 .debug_macro   0x000286a9     0x3d79 ./Core/Src/main.o
 .debug_macro   0x0002c422      0x190 ./Core/Src/main.o
 .debug_macro   0x0002c5b2       0x61 ./Core/Src/main.o
 .debug_macro   0x0002c613       0x29 ./Core/Src/main.o
 .debug_macro   0x0002c63c       0x43 ./Core/Src/main.o
 .debug_macro   0x0002c67f       0x34 ./Core/Src/main.o
 .debug_macro   0x0002c6b3      0x370 ./Core/Src/main.o
 .debug_macro   0x0002ca23       0x16 ./Core/Src/main.o
 .debug_macro   0x0002ca39       0x4a ./Core/Src/main.o
 .debug_macro   0x0002ca83       0x34 ./Core/Src/main.o
 .debug_macro   0x0002cab7       0x10 ./Core/Src/main.o
 .debug_macro   0x0002cac7       0x58 ./Core/Src/main.o
 .debug_macro   0x0002cb1f       0x8e ./Core/Src/main.o
 .debug_macro   0x0002cbad       0x1c ./Core/Src/main.o
 .debug_macro   0x0002cbc9      0x185 ./Core/Src/main.o
 .debug_macro   0x0002cd4e      0x19b ./Core/Src/main.o
 .debug_macro   0x0002cee9       0x5d ./Core/Src/main.o
 .debug_macro   0x0002cf46     0x2382 ./Core/Src/main.o
 .debug_macro   0x0002f2c8     0x102c ./Core/Src/main.o
 .debug_macro   0x000302f4      0x154 ./Core/Src/main.o
 .debug_macro   0x00030448      0x114 ./Core/Src/main.o
 .debug_macro   0x0003055c      0x3b6 ./Core/Src/main.o
 .debug_macro   0x00030912       0xac ./Core/Src/main.o
 .debug_macro   0x000309be      0x72d ./Core/Src/main.o
 .debug_macro   0x000310eb      0x228 ./Core/Src/main.o
 .debug_macro   0x00031313       0x66 ./Core/Src/main.o
 .debug_macro   0x00031379      0x3bb ./Core/Src/main.o
 .debug_macro   0x00031734      0x3e4 ./Core/Src/main.o
 .debug_macro   0x00031b18      0x275 ./Core/Src/main.o
 .debug_macro   0x00031d8d     0x1044 ./Core/Src/main.o
 .debug_macro   0x00032dd1      0x6cc ./Core/Src/main.o
 .debug_macro   0x0003349d      0x383 ./Core/Src/main.o
 .debug_macro   0x00033820      0x3ca ./Core/Src/main.o
 .debug_macro   0x00033bea      0x408 ./Core/Src/main.o
 .debug_macro   0x00033ff2       0x51 ./Core/Src/main.o
 .debug_macro   0x00034043       0x4a ./Core/Src/main.o
 .debug_macro   0x0003408d      0x512 ./Core/Src/main.o
 .debug_macro   0x0003459f      0x22c ./Core/Src/main.o
 .debug_macro   0x000347cb       0x67 ./Core/Src/main.o
 .debug_macro   0x00034832       0xa5 ./Core/Src/main.o
 .debug_macro   0x000348d7      0x1c4 ./Core/Src/main.o
 .debug_macro   0x00034a9b      0x25e ./Core/Src/main.o
 .debug_macro   0x00034cf9       0x35 ./Core/Src/main.o
 .debug_macro   0x00034d2e      0x5e4 ./Core/Src/main.o
 .debug_macro   0x00035312       0xc1 ./Core/Src/main.o
 .debug_macro   0x000353d3      0xafa ./Core/Src/main.o
 .debug_macro   0x00035ecd      0x29f ./Core/Src/main.o
 .debug_macro   0x0003616c      0x693 ./Core/Src/main.o
 .debug_macro   0x000367ff       0xa6 ./Core/Src/main.o
 .debug_macro   0x000368a5      0x34e ./Core/Src/main.o
 .debug_macro   0x00036bf3       0x4c ./Core/Src/main.o
 .debug_macro   0x00036c3f      0x5ac ./Core/Src/main.o
 .debug_macro   0x000371eb      0x2e0 ./Core/Src/main.o
 .debug_macro   0x000374cb      0x321 ./Core/Src/stm32h7xx_hal_msp.o
 .debug_macro   0x000377ec      0x32b ./Core/Src/stm32h7xx_it.o
 .debug_macro   0x00037b17      0x312 ./Core/Src/system_stm32h7xx.o
 .debug_macro   0x00037e29      0x33c ./Drivers/STM32H7xx_HAL_Driver/stm32h7xx_hal.o
 .debug_macro   0x00038165      0x336 ./Drivers/STM32H7xx_HAL_Driver/stm32h7xx_hal_adc.o
 .debug_macro   0x0003849b      0x312 ./Drivers/STM32H7xx_HAL_Driver/stm32h7xx_hal_cortex.o
 .debug_macro   0x000387ad      0x319 ./Drivers/STM32H7xx_HAL_Driver/stm32h7xx_hal_gpio.o
 .debug_macro   0x00038ac6      0x3de ./Drivers/STM32H7xx_HAL_Driver/stm32h7xx_hal_i2c.o
 .debug_macro   0x00038ea4      0x312 ./Drivers/STM32H7xx_HAL_Driver/stm32h7xx_hal_i2c_ex.o
 .debug_macro   0x000391b6      0x34b ./Drivers/STM32H7xx_HAL_Driver/stm32h7xx_hal_pwr_ex.o
 .debug_macro   0x00039501      0x336 ./Drivers/STM32H7xx_HAL_Driver/stm32h7xx_hal_rcc.o
 .debug_macro   0x00039837      0x330 ./Drivers/STM32H7xx_HAL_Driver/stm32h7xx_hal_rcc_ex.o
 .debug_macro   0x00039b67      0x359 ./Drivers/STM32H7xx_HAL_Driver/stm32h7xx_hal_smbus.o
 .debug_macro   0x00039ec0      0x31a ./Drivers/STM32H7xx_HAL_Driver/stm32h7xx_hal_spi.o
 .debug_macro   0x0003a1da      0x312 ./Drivers/STM32H7xx_HAL_Driver/stm32h7xx_hal_sram.o
 .debug_macro   0x0003a4ec      0x313 ./Drivers/STM32H7xx_HAL_Driver/stm32h7xx_hal_tim.o
 .debug_macro   0x0003a7ff      0x33d ./Drivers/STM32H7xx_HAL_Driver/stm32h7xx_hal_uart.o
 .debug_macro   0x0003ab3c      0x31e ./Drivers/STM32H7xx_HAL_Driver/stm32h7xx_hal_uart_ex.o
 .debug_macro   0x0003ae5a      0x33c ./Drivers/STM32H7xx_HAL_Driver/stm32h7xx_ll_fmc.o

.debug_line     0x00000000    0x20b9d
 .debug_line    0x00000000      0xf93 ./Core/Src/main.o
 .debug_line    0x00000f93      0xebb ./Core/Src/stm32h7xx_hal_msp.o
 .debug_line    0x00001e4e      0xb4c ./Core/Src/stm32h7xx_it.o
 .debug_line    0x0000299a      0xc9c ./Core/Src/system_stm32h7xx.o
 .debug_line    0x00003636       0x7b ./Core/Startup/startup_stm32h743iitx.o
 .debug_line    0x000036b1     0x10af ./Drivers/STM32H7xx_HAL_Driver/stm32h7xx_hal.o
 .debug_line    0x00004760     0x257d ./Drivers/STM32H7xx_HAL_Driver/stm32h7xx_hal_adc.o
 .debug_line    0x00006cdd     0x1099 ./Drivers/STM32H7xx_HAL_Driver/stm32h7xx_hal_cortex.o
 .debug_line    0x00007d76      0xf38 ./Drivers/STM32H7xx_HAL_Driver/stm32h7xx_hal_gpio.o
 .debug_line    0x00008cae     0x3e26 ./Drivers/STM32H7xx_HAL_Driver/stm32h7xx_hal_i2c.o
 .debug_line    0x0000cad4      0xc3d ./Drivers/STM32H7xx_HAL_Driver/stm32h7xx_hal_i2c_ex.o
 .debug_line    0x0000d711     0x1233 ./Drivers/STM32H7xx_HAL_Driver/stm32h7xx_hal_pwr_ex.o
 .debug_line    0x0000e944     0x1756 ./Drivers/STM32H7xx_HAL_Driver/stm32h7xx_hal_rcc.o
 .debug_line    0x0001009a     0x2062 ./Drivers/STM32H7xx_HAL_Driver/stm32h7xx_hal_rcc_ex.o
 .debug_line    0x000120fc     0x1a54 ./Drivers/STM32H7xx_HAL_Driver/stm32h7xx_hal_smbus.o
 .debug_line    0x00013b50     0x2441 ./Drivers/STM32H7xx_HAL_Driver/stm32h7xx_hal_spi.o
 .debug_line    0x00015f91      0xfb7 ./Drivers/STM32H7xx_HAL_Driver/stm32h7xx_hal_sram.o
 .debug_line    0x00016f48     0x4203 ./Drivers/STM32H7xx_HAL_Driver/stm32h7xx_hal_tim.o
 .debug_line    0x0001b14b     0x3b36 ./Drivers/STM32H7xx_HAL_Driver/stm32h7xx_hal_uart.o
 .debug_line    0x0001ec81     0x1045 ./Drivers/STM32H7xx_HAL_Driver/stm32h7xx_hal_uart_ex.o
 .debug_line    0x0001fcc6      0xed7 ./Drivers/STM32H7xx_HAL_Driver/stm32h7xx_ll_fmc.o

.debug_str      0x00000000   0x1833f7
 .debug_str     0x00000000   0x1833f7 ./Core/Src/main.o
                             0x17c70f (size before relaxing)
 .debug_str     0x001833f7   0x17c573 ./Core/Src/stm32h7xx_hal_msp.o
 .debug_str     0x001833f7   0x17a8cf ./Core/Src/stm32h7xx_it.o
 .debug_str     0x001833f7   0x17a405 ./Core/Src/system_stm32h7xx.o
 .debug_str     0x001833f7       0x72 ./Core/Startup/startup_stm32h743iitx.o
 .debug_str     0x001833f7   0x17b316 ./Drivers/STM32H7xx_HAL_Driver/stm32h7xx_hal.o
 .debug_str     0x001833f7   0x17b1bd ./Drivers/STM32H7xx_HAL_Driver/stm32h7xx_hal_adc.o
 .debug_str     0x001833f7   0x17ad51 ./Drivers/STM32H7xx_HAL_Driver/stm32h7xx_hal_cortex.o
 .debug_str     0x001833f7   0x17a3b7 ./Drivers/STM32H7xx_HAL_Driver/stm32h7xx_hal_gpio.o
 .debug_str     0x001833f7   0x17b458 ./Drivers/STM32H7xx_HAL_Driver/stm32h7xx_hal_i2c.o
 .debug_str     0x001833f7   0x17a7fc ./Drivers/STM32H7xx_HAL_Driver/stm32h7xx_hal_i2c_ex.o
 .debug_str     0x001833f7   0x17a878 ./Drivers/STM32H7xx_HAL_Driver/stm32h7xx_hal_pwr_ex.o
 .debug_str     0x001833f7   0x17a79b ./Drivers/STM32H7xx_HAL_Driver/stm32h7xx_hal_rcc.o
 .debug_str     0x001833f7   0x17ac7c ./Drivers/STM32H7xx_HAL_Driver/stm32h7xx_hal_rcc_ex.o
 .debug_str     0x001833f7   0x17a60c ./Drivers/STM32H7xx_HAL_Driver/stm32h7xx_hal_smbus.o
 .debug_str     0x001833f7   0x17aabf ./Drivers/STM32H7xx_HAL_Driver/stm32h7xx_hal_spi.o
 .debug_str     0x001833f7   0x17a726 ./Drivers/STM32H7xx_HAL_Driver/stm32h7xx_hal_sram.o
 .debug_str     0x001833f7   0x17b53a ./Drivers/STM32H7xx_HAL_Driver/stm32h7xx_hal_tim.o
 .debug_str     0x001833f7   0x17b2dc ./Drivers/STM32H7xx_HAL_Driver/stm32h7xx_hal_uart.o
 .debug_str     0x001833f7   0x17a89c ./Drivers/STM32H7xx_HAL_Driver/stm32h7xx_hal_uart_ex.o
 .debug_str     0x001833f7   0x17a935 ./Drivers/STM32H7xx_HAL_Driver/stm32h7xx_ll_fmc.o

.comment        0x00000000       0x43
 .comment       0x00000000       0x43 ./Core/Src/main.o
                                 0x44 (size before relaxing)
 .comment       0x00000043       0x44 ./Core/Src/stm32h7xx_hal_msp.o
 .comment       0x00000043       0x44 ./Core/Src/stm32h7xx_it.o
 .comment       0x00000043       0x44 ./Core/Src/system_stm32h7xx.o
 .comment       0x00000043       0x44 ./Drivers/STM32H7xx_HAL_Driver/stm32h7xx_hal.o
 .comment       0x00000043       0x44 ./Drivers/STM32H7xx_HAL_Driver/stm32h7xx_hal_adc.o
 .comment       0x00000043       0x44 ./Drivers/STM32H7xx_HAL_Driver/stm32h7xx_hal_cortex.o
 .comment       0x00000043       0x44 ./Drivers/STM32H7xx_HAL_Driver/stm32h7xx_hal_gpio.o
 .comment       0x00000043       0x44 ./Drivers/STM32H7xx_HAL_Driver/stm32h7xx_hal_i2c.o
 .comment       0x00000043       0x44 ./Drivers/STM32H7xx_HAL_Driver/stm32h7xx_hal_i2c_ex.o
 .comment       0x00000043       0x44 ./Drivers/STM32H7xx_HAL_Driver/stm32h7xx_hal_pwr_ex.o
 .comment       0x00000043       0x44 ./Drivers/STM32H7xx_HAL_Driver/stm32h7xx_hal_rcc.o
 .comment       0x00000043       0x44 ./Drivers/STM32H7xx_HAL_Driver/stm32h7xx_hal_rcc_ex.o
 .comment       0x00000043       0x44 ./Drivers/STM32H7xx_HAL_Driver/stm32h7xx_hal_smbus.o
 .comment       0x00000043       0x44 ./Drivers/STM32H7xx_HAL_Driver/stm32h7xx_hal_spi.o
 .comment       0x00000043       0x44 ./Drivers/STM32H7xx_HAL_Driver/stm32h7xx_hal_sram.o
 .comment       0x00000043       0x44 ./Drivers/STM32H7xx_HAL_Driver/stm32h7xx_hal_tim.o
 .comment       0x00000043       0x44 ./Drivers/STM32H7xx_HAL_Driver/stm32h7xx_hal_uart.o
 .comment       0x00000043       0x44 ./Drivers/STM32H7xx_HAL_Driver/stm32h7xx_hal_uart_ex.o
 .comment       0x00000043       0x44 ./Drivers/STM32H7xx_HAL_Driver/stm32h7xx_ll_fmc.o

.debug_frame    0x00000000     0x69cc
 .debug_frame   0x00000000      0x1c8 ./Core/Src/main.o
 .debug_frame   0x000001c8      0x2b0 ./Core/Src/stm32h7xx_hal_msp.o
 .debug_frame   0x00000478      0x104 ./Core/Src/stm32h7xx_it.o
 .debug_frame   0x0000057c       0x78 ./Core/Src/system_stm32h7xx.o
 .debug_frame   0x000005f4      0x690 ./Drivers/STM32H7xx_HAL_Driver/stm32h7xx_hal.o
 .debug_frame   0x00000c84      0xa50 ./Drivers/STM32H7xx_HAL_Driver/stm32h7xx_hal_adc.o
 .debug_frame   0x000016d4      0x508 ./Drivers/STM32H7xx_HAL_Driver/stm32h7xx_hal_cortex.o
 .debug_frame   0x00001bdc      0x14c ./Drivers/STM32H7xx_HAL_Driver/stm32h7xx_hal_gpio.o
 .debug_frame   0x00001d28      0xc40 ./Drivers/STM32H7xx_HAL_Driver/stm32h7xx_hal_i2c.o
 .debug_frame   0x00002968      0x100 ./Drivers/STM32H7xx_HAL_Driver/stm32h7xx_hal_i2c_ex.o
 .debug_frame   0x00002a68      0x580 ./Drivers/STM32H7xx_HAL_Driver/stm32h7xx_hal_pwr_ex.o
 .debug_frame   0x00002fe8      0x1f8 ./Drivers/STM32H7xx_HAL_Driver/stm32h7xx_hal_rcc.o
 .debug_frame   0x000031e0      0x414 ./Drivers/STM32H7xx_HAL_Driver/stm32h7xx_hal_rcc_ex.o
 .debug_frame   0x000035f4      0x584 ./Drivers/STM32H7xx_HAL_Driver/stm32h7xx_hal_smbus.o
 .debug_frame   0x00003b78      0x7a8 ./Drivers/STM32H7xx_HAL_Driver/stm32h7xx_hal_spi.o
 .debug_frame   0x00004320      0x314 ./Drivers/STM32H7xx_HAL_Driver/stm32h7xx_hal_sram.o
 .debug_frame   0x00004634     0x121c ./Drivers/STM32H7xx_HAL_Driver/stm32h7xx_hal_tim.o
 .debug_frame   0x00005850      0xa94 ./Drivers/STM32H7xx_HAL_Driver/stm32h7xx_hal_uart.o
 .debug_frame   0x000062e4      0x2c0 ./Drivers/STM32H7xx_HAL_Driver/stm32h7xx_hal_uart_ex.o
 .debug_frame   0x000065a4      0x37c ./Drivers/STM32H7xx_HAL_Driver/stm32h7xx_ll_fmc.o
 .debug_frame   0x00006920       0x20 C:/ST/STM32CubeIDE_1.17.0/STM32CubeIDE/plugins/com.st.stm32cube.ide.mcu.externaltools.gnu-tools-for-stm32.13.3.rel1.win32_1.0.0.202411081344/tools/bin/../lib/gcc/arm-none-eabi/13.3.1/../../../../arm-none-eabi/lib/thumb/v7e-m+dp/hard\libc_nano.a(libc_a-memset.o)
 .debug_frame   0x00006940       0x2c C:/ST/STM32CubeIDE_1.17.0/STM32CubeIDE/plugins/com.st.stm32cube.ide.mcu.externaltools.gnu-tools-for-stm32.13.3.rel1.win32_1.0.0.202411081344/tools/bin/../lib/gcc/arm-none-eabi/13.3.1/../../../../arm-none-eabi/lib/thumb/v7e-m+dp/hard\libc_nano.a(libc_a-init.o)
 .debug_frame   0x0000696c       0x2c C:/ST/STM32CubeIDE_1.17.0/STM32CubeIDE/plugins/com.st.stm32cube.ide.mcu.externaltools.gnu-tools-for-stm32.13.3.rel1.win32_1.0.0.202411081344/tools/bin/../lib/gcc/arm-none-eabi/13.3.1/thumb/v7e-m+dp/hard\libgcc.a(_aeabi_uldivmod.o)
 .debug_frame   0x00006998       0x34 C:/ST/STM32CubeIDE_1.17.0/STM32CubeIDE/plugins/com.st.stm32cube.ide.mcu.externaltools.gnu-tools-for-stm32.13.3.rel1.win32_1.0.0.202411081344/tools/bin/../lib/gcc/arm-none-eabi/13.3.1/thumb/v7e-m+dp/hard\libgcc.a(_udivmoddi4.o)

.debug_line_str
                0x00000000       0x56
 .debug_line_str
                0x00000000       0x56 ./Core/Startup/startup_stm32h743iitx.o
